Component: ARM Compiler 5.05 update 2 (build 169) Tool: armlink [4d0f33]

==============================================================================

Section Cross References

    system_stm32f10x.o(i.SetSysClock) refers to system_stm32f10x.o(i.SetSysClockTo72) for SetSysClockTo72
    system_stm32f10x.o(i.SystemCoreClockUpdate) refers to system_stm32f10x.o(.data) for SystemCoreClock
    system_stm32f10x.o(i.SystemInit) refers to system_stm32f10x.o(i.SetSysClock) for SetSysClock
    startup_stm32f10x_hd.o(STACK) refers (Special) to heapauxi.o(.text) for __use_two_region_memory
    startup_stm32f10x_hd.o(HEAP) refers (Special) to heapauxi.o(.text) for __use_two_region_memory
    startup_stm32f10x_hd.o(RESET) refers (Special) to heapauxi.o(.text) for __use_two_region_memory
    startup_stm32f10x_hd.o(RESET) refers to startup_stm32f10x_hd.o(STACK) for __initial_sp
    startup_stm32f10x_hd.o(RESET) refers to startup_stm32f10x_hd.o(.text) for Reset_Handler
    startup_stm32f10x_hd.o(RESET) refers to stm32f10x_it.o(i.NMI_Handler) for NMI_Handler
    startup_stm32f10x_hd.o(RESET) refers to stm32f10x_it.o(i.HardFault_Handler) for HardFault_Handler
    startup_stm32f10x_hd.o(RESET) refers to stm32f10x_it.o(i.MemManage_Handler) for MemManage_Handler
    startup_stm32f10x_hd.o(RESET) refers to stm32f10x_it.o(i.BusFault_Handler) for BusFault_Handler
    startup_stm32f10x_hd.o(RESET) refers to stm32f10x_it.o(i.UsageFault_Handler) for UsageFault_Handler
    startup_stm32f10x_hd.o(RESET) refers to stm32f10x_it.o(i.SVC_Handler) for SVC_Handler
    startup_stm32f10x_hd.o(RESET) refers to stm32f10x_it.o(i.DebugMon_Handler) for DebugMon_Handler
    startup_stm32f10x_hd.o(RESET) refers to stm32f10x_it.o(i.PendSV_Handler) for PendSV_Handler
    startup_stm32f10x_hd.o(RESET) refers to stm32f10x_it.o(i.SysTick_Handler) for SysTick_Handler
    startup_stm32f10x_hd.o(RESET) refers to timer.o(i.TIM2_IRQHandler) for TIM2_IRQHandler
    startup_stm32f10x_hd.o(RESET) refers to usart.o(i.USART1_IRQHandler) for USART1_IRQHandler
    startup_stm32f10x_hd.o(.text) refers (Special) to heapauxi.o(.text) for __use_two_region_memory
    startup_stm32f10x_hd.o(.text) refers to system_stm32f10x.o(i.SystemInit) for SystemInit
    startup_stm32f10x_hd.o(.text) refers to __main.o(!!!main) for __main
    startup_stm32f10x_hd.o(.text) refers to startup_stm32f10x_hd.o(HEAP) for Heap_Mem
    startup_stm32f10x_hd.o(.text) refers to startup_stm32f10x_hd.o(STACK) for Stack_Mem
    stm32f10x_adc.o(i.ADC_DeInit) refers to stm32f10x_rcc.o(i.RCC_APB2PeriphResetCmd) for RCC_APB2PeriphResetCmd
    stm32f10x_bkp.o(i.BKP_DeInit) refers to stm32f10x_rcc.o(i.RCC_BackupResetCmd) for RCC_BackupResetCmd
    stm32f10x_can.o(i.CAN_DeInit) refers to stm32f10x_rcc.o(i.RCC_APB1PeriphResetCmd) for RCC_APB1PeriphResetCmd
    stm32f10x_can.o(i.CAN_GetITStatus) refers to stm32f10x_can.o(i.CheckITStatus) for CheckITStatus
    stm32f10x_cec.o(i.CEC_DeInit) refers to stm32f10x_rcc.o(i.RCC_APB1PeriphResetCmd) for RCC_APB1PeriphResetCmd
    stm32f10x_dac.o(i.DAC_DeInit) refers to stm32f10x_rcc.o(i.RCC_APB1PeriphResetCmd) for RCC_APB1PeriphResetCmd
    stm32f10x_flash.o(i.FLASH_EnableWriteProtection) refers to stm32f10x_flash.o(i.FLASH_WaitForLastOperation) for FLASH_WaitForLastOperation
    stm32f10x_flash.o(i.FLASH_EraseAllBank1Pages) refers to stm32f10x_flash.o(i.FLASH_WaitForLastBank1Operation) for FLASH_WaitForLastBank1Operation
    stm32f10x_flash.o(i.FLASH_EraseAllPages) refers to stm32f10x_flash.o(i.FLASH_WaitForLastOperation) for FLASH_WaitForLastOperation
    stm32f10x_flash.o(i.FLASH_EraseOptionBytes) refers to stm32f10x_flash.o(i.FLASH_GetReadOutProtectionStatus) for FLASH_GetReadOutProtectionStatus
    stm32f10x_flash.o(i.FLASH_EraseOptionBytes) refers to stm32f10x_flash.o(i.FLASH_WaitForLastOperation) for FLASH_WaitForLastOperation
    stm32f10x_flash.o(i.FLASH_ErasePage) refers to stm32f10x_flash.o(i.FLASH_WaitForLastOperation) for FLASH_WaitForLastOperation
    stm32f10x_flash.o(i.FLASH_ProgramHalfWord) refers to stm32f10x_flash.o(i.FLASH_WaitForLastOperation) for FLASH_WaitForLastOperation
    stm32f10x_flash.o(i.FLASH_ProgramOptionByteData) refers to stm32f10x_flash.o(i.FLASH_WaitForLastOperation) for FLASH_WaitForLastOperation
    stm32f10x_flash.o(i.FLASH_ProgramWord) refers to stm32f10x_flash.o(i.FLASH_WaitForLastOperation) for FLASH_WaitForLastOperation
    stm32f10x_flash.o(i.FLASH_ReadOutProtection) refers to stm32f10x_flash.o(i.FLASH_WaitForLastOperation) for FLASH_WaitForLastOperation
    stm32f10x_flash.o(i.FLASH_UserOptionByteConfig) refers to stm32f10x_flash.o(i.FLASH_WaitForLastOperation) for FLASH_WaitForLastOperation
    stm32f10x_flash.o(i.FLASH_WaitForLastBank1Operation) refers to stm32f10x_flash.o(i.FLASH_GetBank1Status) for FLASH_GetBank1Status
    stm32f10x_flash.o(i.FLASH_WaitForLastOperation) refers to stm32f10x_flash.o(i.FLASH_GetBank1Status) for FLASH_GetBank1Status
[...]
    Removing stm32f10x_spi.o(i.I2S_StructInit), (20 bytes).
    Removing stm32f10x_spi.o(i.SPI_BiDirectionalLineConfig), (28 bytes).
    Removing stm32f10x_spi.o(i.SPI_CalculateCRC), (24 bytes).
    Removing stm32f10x_spi.o(i.SPI_Cmd), (24 bytes).
    Removing stm32f10x_spi.o(i.SPI_DataSizeConfig), (18 bytes).
    Removing stm32f10x_spi.o(i.SPI_GetCRC), (16 bytes).
    Removing stm32f10x_spi.o(i.SPI_GetCRCPolynomial), (6 bytes).
    Removing stm32f10x_spi.o(i.SPI_I2S_ClearFlag), (6 bytes).
    Removing stm32f10x_spi.o(i.SPI_I2S_ClearITPendingBit), (20 bytes).
    Removing stm32f10x_spi.o(i.SPI_I2S_DMACmd), (18 bytes).
    Removing stm32f10x_spi.o(i.SPI_I2S_DeInit), (88 bytes).
    Removing stm32f10x_spi.o(i.SPI_I2S_GetFlagStatus), (18 bytes).
    Removing stm32f10x_spi.o(i.SPI_I2S_GetITStatus), (52 bytes).
    Removing stm32f10x_spi.o(i.SPI_I2S_ITConfig), (32 bytes).
    Removing stm32f10x_spi.o(i.SPI_I2S_ReceiveData), (6 bytes).
    Removing stm32f10x_spi.o(i.SPI_I2S_SendData), (4 bytes).
    Removing stm32f10x_spi.o(i.SPI_Init), (60 bytes).
    Removing stm32f10x_spi.o(i.SPI_NSSInternalSoftwareConfig), (30 bytes).
    Removing stm32f10x_spi.o(i.SPI_SSOutputCmd), (24 bytes).
    Removing stm32f10x_spi.o(i.SPI_StructInit), (24 bytes).
    Removing stm32f10x_spi.o(i.SPI_TransmitCRC), (10 bytes).
    Removing stm32f10x_tim.o(i.TI1_Config), (128 bytes).
    Removing stm32f10x_tim.o(i.TI2_Config), (152 bytes).
    Removing stm32f10x_tim.o(i.TI3_Config), (144 bytes).
    Removing stm32f10x_tim.o(i.TI4_Config), (152 bytes).
    Removing stm32f10x_tim.o(i.TIM_ARRPreloadConfig), (24 bytes).
    Removing stm32f10x_tim.o(i.TIM_BDTRConfig), (32 bytes).
    Removing stm32f10x_tim.o(i.TIM_BDTRStructInit), (18 bytes).
    Removing stm32f10x_tim.o(i.TIM_CCPreloadControl), (24 bytes).
    Removing stm32f10x_tim.o(i.TIM_CCxCmd), (30 bytes).
    Removing stm32f10x_tim.o(i.TIM_CCxNCmd), (30 bytes).
    Removing stm32f10x_tim.o(i.TIM_ClearFlag), (6 bytes).
    Removing stm32f10x_tim.o(i.TIM_ClearOC1Ref), (18 bytes).
    Removing stm32f10x_tim.o(i.TIM_ClearOC2Ref), (24 bytes).
    Removing stm32f10x_tim.o(i.TIM_ClearOC3Ref), (18 bytes).
    Removing stm32f10x_tim.o(i.TIM_ClearOC4Ref), (24 bytes).
    Removing stm32f10x_tim.o(i.TIM_CounterModeConfig), (18 bytes).
    Removing stm32f10x_tim.o(i.TIM_CtrlPWMOutputs), (30 bytes).
    Removing stm32f10x_tim.o(i.TIM_DMACmd), (18 bytes).
    Removing stm32f10x_tim.o(i.TIM_DMAConfig), (10 bytes).
    Removing stm32f10x_tim.o(i.TIM_DeInit), (488 bytes).
    Removing stm32f10x_tim.o(i.TIM_ETRClockMode1Config), (54 bytes).
    Removing stm32f10x_tim.o(i.TIM_ETRClockMode2Config), (32 bytes).
    Removing stm32f10x_tim.o(i.TIM_ETRConfig), (28 bytes).
    Removing stm32f10x_tim.o(i.TIM_EncoderInterfaceConfig), (66 bytes).
    Removing stm32f10x_tim.o(i.TIM_ForcedOC1Config), (18 bytes).
    Removing stm32f10x_tim.o(i.TIM_ForcedOC2Config), (26 bytes).
    Removing stm32f10x_tim.o(i.TIM_ForcedOC3Config), (18 bytes).
    Removing stm32f10x_tim.o(i.TIM_ForcedOC4Config), (26 bytes).
    Removing stm32f10x_tim.o(i.TIM_GenerateEvent), (4 bytes).
    Removing stm32f10x_tim.o(i.TIM_GetCapture1), (6 bytes).
    Removing stm32f10x_tim.o(i.TIM_GetCapture2), (6 bytes).
    Removing stm32f10x_tim.o(i.TIM_GetCapture3), (6 bytes).
    Removing stm32f10x_tim.o(i.TIM_GetCapture4), (8 bytes).
    Removing stm32f10x_tim.o(i.TIM_GetCounter), (6 bytes).
    Removing stm32f10x_tim.o(i.TIM_GetFlagStatus), (18 bytes).
    Removing stm32f10x_tim.o(i.TIM_GetPrescaler), (6 bytes).
    Removing stm32f10x_tim.o(i.TIM_ICInit), (172 bytes).
    Removing stm32f10x_tim.o(i.TIM_ICStructInit), (18 bytes).
    Removing stm32f10x_tim.o(i.TIM_ITRxExternalClockConfig), (24 bytes).
    Removing stm32f10x_tim.o(i.TIM_OC1FastConfig), (18 bytes).
    Removing stm32f10x_tim.o(i.TIM_OC1Init), (152 bytes).
    Removing stm32f10x_tim.o(i.TIM_OC1NPolarityConfig), (18 bytes).
    Removing stm32f10x_tim.o(i.TIM_OC1PolarityConfig), (18 bytes).
    Removing stm32f10x_tim.o(i.TIM_OC1PreloadConfig), (18 bytes).
    Removing stm32f10x_tim.o(i.TIM_OC2FastConfig), (26 bytes).
    Removing stm32f10x_tim.o(i.TIM_OC2Init), (164 bytes).
    Removing stm32f10x_tim.o(i.TIM_OC2NPolarityConfig), (26 bytes).
    Removing stm32f10x_tim.o(i.TIM_OC2PolarityConfig), (26 bytes).
    Removing stm32f10x_tim.o(i.TIM_OC2PreloadConfig), (26 bytes).
    Removing stm32f10x_tim.o(i.TIM_OC3FastConfig), (18 bytes).
    Removing stm32f10x_tim.o(i.TIM_OC3Init), (160 bytes).
    Removing stm32f10x_tim.o(i.TIM_OC3NPolarityConfig), (26 bytes).
    Removing stm32f10x_tim.o(i.TIM_OC3PolarityConfig), (26 bytes).
    Removing stm32f10x_tim.o(i.TIM_OC3PreloadConfig), (18 bytes).
    Removing stm32f10x_tim.o(i.TIM_OC4FastConfig), (26 bytes).
    Removing stm32f10x_tim.o(i.TIM_OC4Init), (124 bytes).
    Removing stm32f10x_tim.o(i.TIM_OC4PolarityConfig), (26 bytes).
    Removing stm32f10x_tim.o(i.TIM_OC4PreloadConfig), (26 bytes).
    Removing stm32f10x_tim.o(i.TIM_OCStructInit), (20 bytes).
    Removing stm32f10x_tim.o(i.TIM_PWMIConfig), (124 bytes).
    Removing stm32f10x_tim.o(i.TIM_PrescalerConfig), (6 bytes).
    Removing stm32f10x_tim.o(i.TIM_SelectCCDMA), (24 bytes).
    Removing stm32f10x_tim.o(i.TIM_SelectCOM), (24 bytes).
    Removing stm32f10x_tim.o(i.TIM_SelectHallSensor), (24 bytes).
    Removing stm32f10x_tim.o(i.TIM_SelectInputTrigger), (18 bytes).
    Removing stm32f10x_tim.o(i.TIM_SelectMasterSlaveMode), (18 bytes).
    Removing stm32f10x_tim.o(i.TIM_SelectOCxM), (82 bytes).
    Removing stm32f10x_tim.o(i.TIM_SelectOnePulseMode), (18 bytes).
    Removing stm32f10x_tim.o(i.TIM_SelectOutputTrigger), (18 bytes).
    Removing stm32f10x_tim.o(i.TIM_SelectSlaveMode), (18 bytes).
    Removing stm32f10x_tim.o(i.TIM_SetAutoreload), (4 bytes).
    Removing stm32f10x_tim.o(i.TIM_SetClockDivision), (18 bytes).
    Removing stm32f10x_tim.o(i.TIM_SetCompare1), (4 bytes).
    Removing stm32f10x_tim.o(i.TIM_SetCompare2), (4 bytes).
    Removing stm32f10x_tim.o(i.TIM_SetCompare3), (4 bytes).
    Removing stm32f10x_tim.o(i.TIM_SetCompare4), (6 bytes).
    Removing stm32f10x_tim.o(i.TIM_SetCounter), (4 bytes).
    Removing stm32f10x_tim.o(i.TIM_SetIC1Prescaler), (18 bytes).
    Removing stm32f10x_tim.o(i.TIM_SetIC2Prescaler), (26 bytes).
    Removing stm32f10x_tim.o(i.TIM_SetIC3Prescaler), (18 bytes).
    Removing stm32f10x_tim.o(i.TIM_SetIC4Prescaler), (26 bytes).
    Removing stm32f10x_tim.o(i.TIM_TIxExternalClockConfig), (62 bytes).
    Removing stm32f10x_tim.o(i.TIM_TimeBaseStructInit), (18 bytes).
    Removing stm32f10x_tim.o(i.TIM_UpdateDisableConfig), (24 bytes).
    Removing stm32f10x_tim.o(i.TIM_UpdateRequestConfig), (24 bytes).
    Removing stm32f10x_usart.o(i.USART_ClearFlag), (18 bytes).
    Removing stm32f10x_usart.o(i.USART_ClearITPendingBit), (30 bytes).
    Removing stm32f10x_usart.o(i.USART_ClockInit), (34 bytes).
    Removing stm32f10x_usart.o(i.USART_ClockStructInit), (12 bytes).
    Removing stm32f10x_usart.o(i.USART_DMACmd), (18 bytes).
    Removing stm32f10x_usart.o(i.USART_DeInit), (156 bytes).
    Removing stm32f10x_usart.o(i.USART_GetFlagStatus), (26 bytes).
    Removing stm32f10x_usart.o(i.USART_GetITStatus), (84 bytes).
    Removing stm32f10x_usart.o(i.USART_HalfDuplexCmd), (24 bytes).
    Removing stm32f10x_usart.o(i.USART_IrDACmd), (24 bytes).
    Removing stm32f10x_usart.o(i.USART_IrDAConfig), (18 bytes).
    Removing stm32f10x_usart.o(i.USART_LINBreakDetectLengthConfig), (18 bytes).
    Removing stm32f10x_usart.o(i.USART_LINCmd), (24 bytes).
    Removing stm32f10x_usart.o(i.USART_OneBitMethodCmd), (24 bytes).
    Removing stm32f10x_usart.o(i.USART_OverSampling8Cmd), (22 bytes).
    Removing stm32f10x_usart.o(i.USART_ReceiveData), (10 bytes).
    Removing stm32f10x_usart.o(i.USART_ReceiverWakeUpCmd), (24 bytes).
    Removing stm32f10x_usart.o(i.USART_SendBreak), (10 bytes).
    Removing stm32f10x_usart.o(i.USART_SendData), (8 bytes).
    Removing stm32f10x_usart.o(i.USART_SetAddress), (18 bytes).
    Removing stm32f10x_usart.o(i.USART_SetGuardTime), (16 bytes).
    Removing stm32f10x_usart.o(i.USART_SetPrescaler), (16 bytes).
    Removing stm32f10x_usart.o(i.USART_SmartCardCmd), (24 bytes).
    Removing stm32f10x_usart.o(i.USART_SmartCardNACKCmd), (24 bytes).
    Removing stm32f10x_usart.o(i.USART_StructInit), (24 bytes).
    Removing stm32f10x_usart.o(i.USART_WakeUpConfig), (18 bytes).
    Removing stm32f10x_wwdg.o(i.WWDG_ClearFlag), (12 bytes).
    Removing stm32f10x_wwdg.o(i.WWDG_DeInit), (22 bytes).
    Removing stm32f10x_wwdg.o(i.WWDG_Enable), (16 bytes).
    Removing stm32f10x_wwdg.o(i.WWDG_EnableIT), (12 bytes).
    Removing stm32f10x_wwdg.o(i.WWDG_GetFlagStatus), (12 bytes).
    Removing stm32f10x_wwdg.o(i.WWDG_SetCounter), (16 bytes).
    Removing stm32f10x_wwdg.o(i.WWDG_SetPrescaler), (24 bytes).
    Removing stm32f10x_wwdg.o(i.WWDG_SetWindowValue), (40 bytes).
    Removing oled.o(i.OLED_Clear), (42 bytes).
    Removing oled.o(i.OLED_I2C_Init), (80 bytes).
    Removing oled.o(i.OLED_I2C_SendByte), (84 bytes).
    Removing oled.o(i.OLED_I2C_Start), (52 bytes).
    Removing oled.o(i.OLED_I2C_Stop), (40 bytes).
    Removing oled.o(i.OLED_Init), (174 bytes).
    Removing oled.o(i.OLED_Pow), (20 bytes).
    Removing oled.o(i.OLED_SetCursor), (34 bytes).
    Removing oled.o(i.OLED_ShowBinNum), (62 bytes).
    Removing oled.o(i.OLED_ShowChar), (116 bytes).
    Removing oled.o(i.OLED_ShowHexNum), (84 bytes).
    Removing oled.o(i.OLED_ShowNum), (68 bytes).
    Removing oled.o(i.OLED_ShowSignedNum), (102 bytes).
    Removing oled.o(i.OLED_ShowString), (40 bytes).
    Removing oled.o(i.OLED_WriteCommand), (32 bytes).
    Removing oled.o(i.OLED_WriteData), (32 bytes).
    Removing oled.o(.constdata), (1520 bytes).
    Removing icm_42688_p.o(i.I2C_I2cWait), (48 bytes).
    Removing icm_42688_p.o(i.I2C_MainAck), (92 bytes).
    Removing icm_42688_p.o(i.I2C_NoACK), (84 bytes).
    Removing icm_42688_p.o(i.I2C_ReadByte_), (136 bytes).
    Removing icm_42688_p.o(i.I2C_ReadByte_BQ76940), (62 bytes).
    Removing icm_42688_p.o(i.I2C_SlaveACK), (132 bytes).
    Removing icm_42688_p.o(i.I2C_Start), (112 bytes).
    Removing icm_42688_p.o(i.I2C_Stop), (72 bytes).
    Removing icm_42688_p.o(i.I2C_WriteByte_), (136 bytes).
    Removing icm_42688_p.o(i.I2C_WriteByte_BQ76940), (48 bytes).
    Removing icm_42688_p.o(i.ICM_IIC_Delay), (10 bytes).
    Removing icm_42688_p.o(i.ICM_IIC_WRITE_BYTE), (16 bytes).
    Removing icm_42688_p.o(i.ICM_INIT), (364 bytes).
    Removing icm_42688_p.o(i.ICM_Port_Init), (44 bytes).
    Removing icm_42688_p.o(i.ReadBlockByte_BQ76940), (170 bytes).
    Removing icm_42688_p.o(i.ReadByte_BQ76940), (80 bytes).
    Removing icm_42688_p.o(i.WriteByte_BQ76940), (122 bytes).
    Removing icm_42688_p.o(i.bsp_Icm42688GetAres), (76 bytes).
    Removing icm_42688_p.o(i.bsp_Icm42688GetGres), (128 bytes).
    Removing icm_42688_p.o(i.bsp_IcmGetRawData), (312 bytes).
    Removing icm_42688_p.o(i.crc8), (70 bytes).
    Removing icm_42688_p.o(.data), (10 bytes).
    Removing delay.o(i.delay_ms), (24 bytes).
    Removing delay.o(i.delay_us), (22 bytes).
    Removing usart.o(i.Serial_SendArray), (26 bytes).
    Removing usart.o(i.Serial_SendByte), (32 bytes).
    Removing usart.o(i.fputc), (28 bytes).
    Removing usart.o(.bss), (200 bytes).
    Removing usart.o(.data), (22 bytes).
    Removing nm.o(i.ano_check), (76 bytes).
    Removing nm.o(i.ano_check_calculate), (80 bytes).
    Removing nm.o(i.ano_send_flexible_frame), (116 bytes).
    Removing nm.o(i.frame_turn_to_array), (32 bytes).
    Removing nm.o(.bss), (52 bytes).
    Removing bspflash.o(i.FlashReadByte), (52 bytes).
    Removing bspflash.o(i.FlashWriteSection), (120 bytes).
    Removing bspflash.o(i.STMFLASH_Read), (34 bytes).
    Removing bspflash.o(i.STMFLASH_ReadHalfWord), (6 bytes).
    Removing bspflash.o(i.STMFLASH_Write), (232 bytes).
    Removing bspflash.o(i.STMFLASH_Write_NoCheck), (38 bytes).
    Removing bspflash.o(.bss), (1024 bytes).

512 unused section(s) (total 25042 bytes) removed from the image.

==============================================================================

Image Symbol Table

    Local Symbols

    Symbol Name                              Value     Ov Type        Size  Object(Section)

    ../clib/angel/boardlib.s                 0x00000000   Number         0  boardshut.o ABSOLUTE
    ../clib/angel/boardlib.s                 0x00000000   Number         0  boardinit3.o ABSOLUTE
    ../clib/angel/boardlib.s                 0x00000000   Number         0  boardinit2.o ABSOLUTE
    ../clib/angel/boardlib.s                 0x00000000   Number         0  boardinit1.o ABSOLUTE
    ../clib/angel/handlers.s                 0x00000000   Number         0  __scatter_copy.o ABSOLUTE
    ../clib/angel/handlers.s                 0x00000000   Number         0  __scatter_zi.o ABSOLUTE
    ../clib/angel/kernel.s                   0x00000000   Number         0  __rtentry4.o ABSOLUTE
    ../clib/angel/kernel.s                   0x00000000   Number         0  rtexit2.o ABSOLUTE
    ../clib/angel/kernel.s                   0x00000000   Number         0  __rtentry2.o ABSOLUTE
    ../clib/angel/kernel.s                   0x00000000   Number         0  rtexit.o ABSOLUTE
    ../clib/angel/kernel.s                   0x00000000   Number         0  __rtentry.o ABSOLUTE
    ../clib/angel/rt.s                       0x00000000   Number         0  rt_raise.o ABSOLUTE
    ../clib/angel/scatter.s                  0x00000000   Number         0  __scatter.o ABSOLUTE
    ../clib/angel/startup.s                  0x00000000   Number         0  __main.o ABSOLUTE
    ../clib/angel/sys.s                      0x00000000   Number         0  libspace.o ABSOLUTE
    ../clib/angel/sys.s                      0x00000000   Number         0  indicate_semi.o ABSOLUTE
    ../clib/angel/sys.s                      0x00000000   Number         0  sys_stackheap_outer.o ABSOLUTE
    ../clib/angel/sys.s                      0x00000000   Number         0  use_no_semi.o ABSOLUTE
    ../clib/angel/sys.s                      0x00000000   Number         0  use_no_semi_2.o ABSOLUTE
    ../clib/angel/sysapp.c                   0x00000000   Number         0  sys_wrch.o ABSOLUTE
    ../clib/angel/sysapp.c                   0x00000000   Number         0  sys_command.o ABSOLUTE
    ../clib/armsys.c                         0x00000000   Number         0  argv_veneer.o ABSOLUTE
    ../clib/armsys.c                         0x00000000   Number         0  argv_veneer.o ABSOLUTE
    ../clib/armsys.c                         0x00000000   Number         0  _get_argv_nomalloc.o ABSOLUTE
    ../clib/armsys.c                         0x00000000   Number         0  no_argv.o ABSOLUTE
    ../clib/heapalloc.c                      0x00000000   Number         0  hrguard.o ABSOLUTE
    ../clib/heapaux.c                        0x00000000   Number         0  heapauxi.o ABSOLUTE
    ../clib/libinit.s                        0x00000000   Number         0  libshutdown.o ABSOLUTE
    ../clib/libinit.s                        0x00000000   Number         0  libinit.o ABSOLUTE
    ../clib/libinit.s                        0x00000000   Number         0  libinit2.o ABSOLUTE
    ../clib/libinit.s                        0x00000000   Number         0  libshutdown2.o ABSOLUTE
    ../clib/memcpset.s                       0x00000000   Number         0  rt_memcpy_w.o ABSOLUTE
    ../clib/memcpset.s                       0x00000000   Number         0  rt_memclr_w.o ABSOLUTE
    ../clib/memcpset.s                       0x00000000   Number         0  rt_memcpy_v6.o ABSOLUTE
    ../clib/signal.c                         0x00000000   Number         0  __raise.o ABSOLUTE
    ../clib/signal.c                         0x00000000   Number         0  defsig_exit.o ABSOLUTE
    ../clib/signal.c                         0x00000000   Number         0  defsig_other.o ABSOLUTE
    ../clib/signal.c                         0x00000000   Number         0  defsig_rtmem_outer.o ABSOLUTE
    ../clib/signal.c                         0x00000000   Number         0  defsig_rtmem_inner.o ABSOLUTE
    ../clib/signal.c                         0x00000000   Number         0  defsig_stak_inner.o ABSOLUTE
    ../clib/signal.c                         0x00000000   Number         0  defsig_rtmem_formal.o ABSOLUTE
    ../clib/signal.c                         0x00000000   Number         0  defsig_segv_inner.o ABSOLUTE
    ../clib/signal.c                         0x00000000   Number         0  defsig_cppl_inner.o ABSOLUTE
    ../clib/signal.c                         0x00000000   Number         0  defsig_pvfn_inner.o ABSOLUTE
    ../clib/signal.c                         0x00000000   Number         0  defsig_rtred_inner.o ABSOLUTE
    ../clib/signal.c                         0x00000000   Number         0  defsig_fpe_inner.o ABSOLUTE
    ../clib/signal.c                         0x00000000   Number         0  defsig_abrt_inner.o ABSOLUTE
    ../clib/signal.c                         0x00000000   Number         0  defsig_general.o ABSOLUTE
    ../clib/signal.s                         0x00000000   Number         0  defsig.o ABSOLUTE
    ../clib/stdlib.c                         0x00000000   Number         0  exit.o ABSOLUTE
    ../fplib/faddsub.s                       0x00000000   Number         0  faddsub_clz.o ABSOLUTE
    ../fplib/fcmpi.s                         0x00000000   Number         0  fcmpi.o ABSOLUTE
    ../fplib/fdiv.s                          0x00000000   Number         0  fdiv.o ABSOLUTE
    ../fplib/ffix.s                          0x00000000   Number         0  ffix.o ABSOLUTE
    ../fplib/ffixu.s                         0x00000000   Number         0  ffixu.o ABSOLUTE
    ../fplib/fflt.s                          0x00000000   Number         0  fflt_clz.o ABSOLUTE
    ../fplib/fleqf.s                         0x00000000   Number         0  fleqf.o ABSOLUTE
    ../fplib/fmul.s                          0x00000000   Number         0  fmul.o ABSOLUTE
    ../fplib/fnaninf.s                       0x00000000   Number         0  fnaninf.o ABSOLUTE
    ../fplib/fpinit.s                        0x00000000   Number         0  fpinit.o ABSOLUTE
    ../fplib/fretinf.s                       0x00000000   Number         0  fretinf.o ABSOLUTE
    ../fplib/frleqf.s                        0x00000000   Number         0  frleqf.o ABSOLUTE
    ../fplib/usenofp.s                       0x00000000   Number         0  usenofp.o ABSOLUTE
    Hardware\ICM_42688_P\ICM_42688_P.c       0x00000000   Number         0  icm_42688_p.o ABSOLUTE
    Hardware\OLED\OLED.c                     0x00000000   Number         0  oled.o ABSOLUTE
    Lib\misc.c                               0x00000000   Number         0  misc.o ABSOLUTE
    Lib\stm32f10x_adc.c                      0x00000000   Number         0  stm32f10x_adc.o ABSOLUTE
    Lib\stm32f10x_bkp.c                      0x00000000   Number         0  stm32f10x_bkp.o ABSOLUTE
    Lib\stm32f10x_can.c                      0x00000000   Number         0  stm32f10x_can.o ABSOLUTE
    Lib\stm32f10x_cec.c                      0x00000000   Number         0  stm32f10x_cec.o ABSOLUTE
    Lib\stm32f10x_crc.c                      0x00000000   Number         0  stm32f10x_crc.o ABSOLUTE
    Lib\stm32f10x_dac.c                      0x00000000   Number         0  stm32f10x_dac.o ABSOLUTE
    Lib\stm32f10x_dbgmcu.c                   0x00000000   Number         0  stm32f10x_dbgmcu.o ABSOLUTE
    Lib\stm32f10x_dma.c                      0x00000000   Number         0  stm32f10x_dma.o ABSOLUTE
    Lib\stm32f10x_exti.c                     0x00000000   Number         0  stm32f10x_exti.o ABSOLUTE
    Lib\stm32f10x_flash.c                    0x00000000   Number         0  stm32f10x_flash.o ABSOLUTE
    Lib\stm32f10x_fsmc.c                     0x00000000   Number         0  stm32f10x_fsmc.o ABSOLUTE
    Lib\stm32f10x_gpio.c                     0x00000000   Number         0  stm32f10x_gpio.o ABSOLUTE
    Lib\stm32f10x_i2c.c                      0x00000000   Number         0  stm32f10x_i2c.o ABSOLUTE
    Lib\stm32f10x_iwdg.c                     0x00000000   Number         0  stm32f10x_iwdg.o ABSOLUTE
    Lib\stm32f10x_pwr.c                      0x00000000   Number         0  stm32f10x_pwr.o ABSOLUTE
    Lib\stm32f10x_rcc.c                      0x00000000   Number         0  stm32f10x_rcc.o ABSOLUTE
    Lib\stm32f10x_rtc.c                      0x00000000   Number         0  stm32f10x_rtc.o ABSOLUTE
    Lib\stm32f10x_sdio.c                     0x00000000   Number         0  stm32f10x_sdio.o ABSOLUTE
    Lib\stm32f10x_spi.c                      0x00000000   Number         0  stm32f10x_spi.o ABSOLUTE
    Lib\stm32f10x_tim.c                      0x00000000   Number         0  stm32f10x_tim.o ABSOLUTE
    Lib\stm32f10x_usart.c                    0x00000000   Number         0  stm32f10x_usart.o ABSOLUTE
    Lib\stm32f10x_wwdg.c                     0x00000000   Number         0  stm32f10x_wwdg.o ABSOLUTE
    System\NM.C                              0x00000000   Number         0  nm.o ABSOLUTE
    System\Timer.c                           0x00000000   Number         0  timer.o ABSOLUTE
    System\delay.c                           0x00000000   Number         0  delay.o ABSOLUTE
    System\sys.c                             0x00000000   Number         0  sys.o ABSOLUTE
    System\usart.c                           0x00000000   Number         0  usart.o ABSOLUTE
    User\BMS_Serial.c                        0x00000000   Number         0  bms_serial.o ABSOLUTE
    User\BSPFLASH.c                          0x00000000   Number         0  bspflash.o ABSOLUTE
    User\JMP.C                               0x00000000   Number         0  jmp.o ABSOLUTE
    User\LoadAPP.c                           0x00000000   Number         0  loadapp.o ABSOLUTE
    User\\JMP.C                              0x00000000   Number         0  jmp.o ABSOLUTE
    User\main.c                              0x00000000   Number         0  main.o ABSOLUTE
    User\stm32f10x_it.c                      0x00000000   Number         0  stm32f10x_it.o ABSOLUTE
    dc.s                                     0x00000000   Number         0  dc.o ABSOLUTE
    start\\core_cm3.c                        0x00000000   Number         0  core_cm3.o ABSOLUTE
    start\core_cm3.c                         0x00000000   Number         0  core_cm3.o ABSOLUTE
    start\startup_stm32f10x_hd.s             0x00000000   Number         0  startup_stm32f10x_hd.o ABSOLUTE
    start\system_stm32f10x.c                 0x00000000   Number         0  system_stm32f10x.o ABSOLUTE
    RESET                                    0x08002000   Section      304  startup_stm32f10x_hd.o(RESET)
    !!!main                                  0x08002130   Section        8  __main.o(!!!main)
    !!!scatter                               0x08002138   Section       52  __scatter.o(!!!scatter)
    !!handler_copy                           0x0800216c   Section       26  __scatter_copy.o(!!handler_copy)
    !!handler_zi                             0x08002188   Section       28  __scatter_zi.o(!!handler_zi)
    .ARM.Collect$$libinit$$00000000          0x080021a4   Section        2  libinit.o(.ARM.Collect$$libinit$$00000000)
    .ARM.Collect$$libinit$$00000002          0x080021a6   Section        0  libinit2.o(.ARM.Collect$$libinit$$00000002)
    .ARM.Collect$$libinit$$00000004          0x080021a6   Section        0  libinit2.o(.ARM.Collect$$libinit$$00000004)
    .ARM.Collect$$libinit$$0000000A          0x080021a6   Section        0  libinit2.o(.ARM.Collect$$libinit$$0000000A)
    .ARM.Collect$$libinit$$0000000C          0x080021a6   Section        0  libinit2.o(.ARM.Collect$$libinit$$0000000C)
    .ARM.Collect$$libinit$$0000000E          0x080021a6   Section        0  libinit2.o(.ARM.Collect$$libinit$$0000000E)
    .ARM.Collect$$libinit$$00000011          0x080021a6   Section        0  libinit2.o(.ARM.Collect$$libinit$$00000011)
    .ARM.Collect$$libinit$$00000013          0x080021a6   Section        0  libinit2.o(.ARM.Collect$$libinit$$00000013)
    .ARM.Collect$$libinit$$00000015          0x080021a6   Section        0  libinit2.o(.ARM.Collect$$libinit$$00000015)
    .ARM.Collect$$libinit$$00000017          0x080021a6   Section        0  libinit2.o(.ARM.Collect$$libinit$$00000017)
    .ARM.Collect$$libinit$$00000019          0x080021a6   Section        0  libinit2.o(.ARM.Collect$$libinit$$00000019)
    .ARM.Collect$$libinit$$0000001B          0x080021a6   Section        0  libinit2.o(.ARM.Collect$$libinit$$0000001B)
    .ARM.Collect$$libinit$$0000001D          0x080021a6   Section        0  libinit2.o(.ARM.Collect$$libinit$$0000001D)
    .ARM.Collect$$libinit$$0000001F          0x080021a6   Section        0  libinit2.o(.ARM.Collect$$libinit$$0000001F)
    .ARM.Collect$$libinit$$00000021          0x080021a6   Section        0  libinit2.o(.ARM.Collect$$libinit$$00000021)
    .ARM.Collect$$libinit$$00000023          0x080021a6   Section        0  libinit2.o(.ARM.Collect$$libinit$$00000023)
    .ARM.Collect$$libinit$$00000025          0x080021a6   Section        0  libinit2.o(.ARM.Collect$$libinit$$00000025)
    .ARM.Collect$$libinit$$0000002C          0x080021a6   Section        0  libinit2.o(.ARM.Collect$$libinit$$0000002C)
    .ARM.Collect$$libinit$$0000002E          0x080021a6   Section        0  libinit2.o(.ARM.Collect$$libinit$$0000002E)
    .ARM.Collect$$libinit$$00000030          0x080021a6   Section        0  libinit2.o(.ARM.Collect$$libinit$$00000030)
    .ARM.Collect$$libinit$$00000032          0x080021a6   Section        0  libinit2.o(.ARM.Collect$$libinit$$00000032)
    .ARM.Collect$$libinit$$00000033          0x080021a6   Section        2  libinit2.o(.ARM.Collect$$libinit$$00000033)
    .ARM.Collect$$libshutdown$$00000000      0x080021a8   Section        2  libshutdown.o(.ARM.Collect$$libshutdown$$00000000)
    .ARM.Collect$$libshutdown$$00000003      0x080021aa   Section        0  libshutdown2.o(.ARM.Collect$$libshutdown$$00000003)
    .ARM.Collect$$libshutdown$$00000006      0x080021aa   Section        0  libshutdown2.o(.ARM.Collect$$libshutdown$$00000006)
    .ARM.Collect$$libshutdown$$00000009      0x080021aa   Section        0  libshutdown2.o(.ARM.Collect$$libshutdown$$00000009)
    .ARM.Collect$$libshutdown$$0000000B      0x080021aa   Section        0  libshutdown2.o(.ARM.Collect$$libshutdown$$0000000B)
    .ARM.Collect$$libshutdown$$0000000E      0x080021aa   Section        0  libshutdown2.o(.ARM.Collect$$libshutdown$$0000000E)
    .ARM.Collect$$libshutdown$$0000000F      0x080021aa   Section        2  libshutdown2.o(.ARM.Collect$$libshutdown$$0000000F)
    .ARM.Collect$$rtentry$$00000000          0x080021ac   Section        0  __rtentry.o(.ARM.Collect$$rtentry$$00000000)
    .ARM.Collect$$rtentry$$00000002          0x080021ac   Section        0  __rtentry2.o(.ARM.Collect$$rtentry$$00000002)
    .ARM.Collect$$rtentry$$00000004          0x080021ac   Section        6  __rtentry4.o(.ARM.Collect$$rtentry$$00000004)
    .ARM.Collect$$rtentry$$00000009          0x080021b2   Section        0  __rtentry2.o(.ARM.Collect$$rtentry$$00000009)
    .ARM.Collect$$rtentry$$0000000A          0x080021b2   Section        4  __rtentry2.o(.ARM.Collect$$rtentry$$0000000A)
    .ARM.Collect$$rtentry$$0000000C          0x080021b6   Section        0  __rtentry2.o(.ARM.Collect$$rtentry$$0000000C)
    .ARM.Collect$$rtentry$$0000000D          0x080021b6   Section        8  __rtentry2.o(.ARM.Collect$$rtentry$$0000000D)
    .ARM.Collect$$rtexit$$00000000           0x080021be   Section        2  rtexit.o(.ARM.Collect$$rtexit$$00000000)
    .ARM.Collect$$rtexit$$00000002           0x080021c0   Section        0  rtexit2.o(.ARM.Collect$$rtexit$$00000002)
    .ARM.Collect$$rtexit$$00000003           0x080021c0   Section        4  rtexit2.o(.ARM.Collect$$rtexit$$00000003)
    .ARM.Collect$$rtexit$$00000004           0x080021c4   Section        6  rtexit2.o(.ARM.Collect$$rtexit$$00000004)
    .emb_text                                0x080021cc   Section       28  jmp.o(.emb_text)
    .text                                    0x080021e8   Section       64  startup_stm32f10x_hd.o(.text)
    .text                                    0x08002228   Section        2  use_no_semi_2.o(.text)
    .text                                    0x0800222a   Section        0  heapauxi.o(.text)
    .text                                    0x08002230   Section        2  use_no_semi.o(.text)
    .text                                    0x08002232   Section       74  sys_stackheap_outer.o(.text)
    .text                                    0x0800227c   Section        0  exit.o(.text)
    .text                                    0x08002288   Section        8  libspace.o(.text)
    i.BootloaderInit                         0x08002290   Section        0  loadapp.o(i.BootloaderInit)
    i.BusFault_Handler                       0x080022b0   Section        0  stm32f10x_it.o(i.BusFault_Handler)
    i.CRC16                                  0x080022b4   Section        0  loadapp.o(i.CRC16)
    CRC16                                    0x080022b5   Thumb Code    54  loadapp.o(i.CRC16)
    i.ChkSum                                 0x080022f4   Section        0  bms_serial.o(i.ChkSum)
    i.ClrRcvBuf                              0x0800232a   Section        0  bms_serial.o(i.ClrRcvBuf)
    ClrRcvBuf                                0x0800232b   Thumb Code    50  bms_serial.o(i.ClrRcvBuf)
    i.DebugMon_Handler                       0x0800235c   Section        0  stm32f10x_it.o(i.DebugMon_Handler)
    i.FLASH_ErasePage                        0x08002360   Section        0  stm32f10x_flash.o(i.FLASH_ErasePage)
    i.FLASH_GetBank1Status                   0x080023ac   Section        0  stm32f10x_flash.o(i.FLASH_GetBank1Status)
    i.FLASH_LockBank1                        0x080023e0   Section        0  stm32f10x_flash.o(i.FLASH_LockBank1)
    i.FLASH_UnlockBank1                      0x080023f4   Section        0  stm32f10x_flash.o(i.FLASH_UnlockBank1)
    i.FLASH_WaitForLastOperation             0x0800240c   Section        0  stm32f10x_flash.o(i.FLASH_WaitForLastOperation)
    i.FlashErase                             0x08002432   Section        0  bspflash.o(i.FlashErase)
    i.FlashSectionErase                      0x08002454   Section        0  bspflash.o(i.FlashSectionErase)
    FlashSectionErase                        0x08002455   Thumb Code    50  bspflash.o(i.FlashSectionErase)
    i.GPIO_Init                              0x08002486   Section        0  stm32f10x_gpio.o(i.GPIO_Init)
    i.GPIO_ResetBits                         0x0800259c   Section        0  stm32f10x_gpio.o(i.GPIO_ResetBits)
    i.HardFault_Handler                      0x080025a0   Section        0  stm32f10x_it.o(i.HardFault_Handler)
    i.LoadChkSum                             0x080025a4   Section        0  bms_serial.o(i.LoadChkSum)
    i.LoadDataRecode                         0x080025d4   Section        0  bms_serial.o(i.LoadDataRecode)
    i.LoadRcvChk                             0x080026b0   Section        0  bms_serial.o(i.LoadRcvChk)
    i.MemManage_Handler                      0x080026e4   Section        0  stm32f10x_it.o(i.MemManage_Handler)
    i.ModbusSendDataCode                     0x080026e8   Section        0  bms_serial.o(i.ModbusSendDataCode)
    i.Modbus_ClearBuff_CAN1                  0x08003cdc   Section        0  bms_serial.o(i.Modbus_ClearBuff_CAN1)
    i.Modbus_ClearBuff_CAN2                  0x08003cfc   Section        0  bms_serial.o(i.Modbus_ClearBuff_CAN2)
    i.Modbus_ClearBuff_UART1                 0x08003d1c   Section        0  bms_serial.o(i.Modbus_ClearBuff_UART1)
    i.Modbus_ClearBuff_UART2                 0x08003d3c   Section        0  bms_serial.o(i.Modbus_ClearBuff_UART2)
    i.Modbus_ClearBuff_UART3                 0x08003d5c   Section        0  bms_serial.o(i.Modbus_ClearBuff_UART3)
    i.Modbus_ClearBuff_UART4                 0x08003d7c   Section        0  bms_serial.o(i.Modbus_ClearBuff_UART4)
    i.Modbus_SendData                        0x08003d9c   Section        0  bms_serial.o(i.Modbus_SendData)
    i.Modbus_SendError                       0x08003ec4   Section        0  bms_serial.o(i.Modbus_SendError)
    i.Modbus_SerialDecode                    0x08003ef4   Section        0  bms_serial.o(i.Modbus_SerialDecode)
    i.Modbus_SerialStartSend                 0x080040a8   Section        0  bms_serial.o(i.Modbus_SerialStartSend)
    i.Modbus_UserRcvChk                      0x080041ac   Section        0  bms_serial.o(i.Modbus_UserRcvChk)
    Modbus_UserRcvChk                        0x080041ad   Thumb Code   118  bms_serial.o(i.Modbus_UserRcvChk)
    i.Modbus_crc_chk                         0x08004222   Section        0  bms_serial.o(i.Modbus_crc_chk)
    Modbus_crc_chk                           0x08004223   Thumb Code    90  bms_serial.o(i.Modbus_crc_chk)
    i.ModeBusRxUserHook                      0x0800427c   Section        0  loadapp.o(i.ModeBusRxUserHook)
    i.NMI_Handler                            0x08004434   Section        0  stm32f10x_it.o(i.NMI_Handler)
    i.NVIC_Init                              0x08004438   Section        0  misc.o(i.NVIC_Init)
    i.NVIC_PriorityGroupConfig               0x080044a8   Section        0  misc.o(i.NVIC_PriorityGroupConfig)
    i.PendSV_Handler                         0x080044bc   Section        0  stm32f10x_it.o(i.PendSV_Handler)
    i.RCC_APB1PeriphClockCmd                 0x080044c0   Section        0  stm32f10x_rcc.o(i.RCC_APB1PeriphClockCmd)
    i.RCC_APB2PeriphClockCmd                 0x080044e0   Section        0  stm32f10x_rcc.o(i.RCC_APB2PeriphClockCmd)
    i.RCC_GetClocksFreq                      0x08004500   Section        0  stm32f10x_rcc.o(i.RCC_GetClocksFreq)
    i.RcvChk                                 0x080045d4   Section        0  bms_serial.o(i.RcvChk)
    i.ResetPro                               0x08004604   Section        0  loadapp.o(i.ResetPro)
    ResetPro                                 0x08004605   Thumb Code     8  loadapp.o(i.ResetPro)
    i.ResetSoftByUpdateCommand               0x0800460c   Section        0  loadapp.o(i.ResetSoftByUpdateCommand)
    ResetSoftByUpdateCommand                 0x0800460d   Thumb Code    62  loadapp.o(i.ResetSoftByUpdateCommand)
    i.SVC_Handler                            0x08004654   Section        0  stm32f10x_it.o(i.SVC_Handler)
    i.SerialDecodeHook                       0x08004658   Section        0  bms_serial.o(i.SerialDecodeHook)
    i.SerialDecoding                         0x08004a1c   Section        0  bms_serial.o(i.SerialDecoding)
    i.SerialInput_UART1                      0x08004a40   Section        0  bms_serial.o(i.SerialInput_UART1)
    i.SerialOutput_UART1                     0x08004dd0   Section        0  bms_serial.o(i.SerialOutput_UART1)
    i.SerialTimeOut_                         0x08004e68   Section        0  bms_serial.o(i.SerialTimeOut_)
    i.SerialTimer                            0x08004ffc   Section        0  bms_serial.o(i.SerialTimer)
    i.SetSysClock                            0x08005208   Section        0  system_stm32f10x.o(i.SetSysClock)
    SetSysClock                              0x08005209   Thumb Code     8  system_stm32f10x.o(i.SetSysClock)
    i.SetSysClockTo72                        0x08005210   Section        0  system_stm32f10x.o(i.SetSysClockTo72)
    SetSysClockTo72                          0x08005211   Thumb Code   214  system_stm32f10x.o(i.SetSysClockTo72)
    i.SysTick_Handler                        0x080052f0   Section        0  stm32f10x_it.o(i.SysTick_Handler)
    i.SystemInit                             0x080052f4   Section        0  system_stm32f10x.o(i.SystemInit)
    i.TIM2_IRQHandler                        0x08005354   Section        0  timer.o(i.TIM2_IRQHandler)
    i.TIM_ClearITPendingBit                  0x080053a0   Section        0  stm32f10x_tim.o(i.TIM_ClearITPendingBit)
    i.TIM_Cmd                                0x080053a6   Section        0  stm32f10x_tim.o(i.TIM_Cmd)
    i.TIM_GetITStatus                        0x080053be   Section        0  stm32f10x_tim.o(i.TIM_GetITStatus)
    i.TIM_ITConfig                           0x080053e0   Section        0  stm32f10x_tim.o(i.TIM_ITConfig)
    i.TIM_InternalClockConfig                0x080053f2   Section        0  stm32f10x_tim.o(i.TIM_InternalClockConfig)
    i.TIM_Interrupt_Init                     0x08005400   Section        0  timer.o(i.TIM_Interrupt_Init)
    i.TIM_TimeBaseInit                       0x080054e8   Section        0  stm32f10x_tim.o(i.TIM_TimeBaseInit)
    i.UARTSendData                           0x0800558c   Section        0  bms_serial.o(i.UARTSendData)
    i.USART1_IRQHandler                      0x080056a4   Section        0  usart.o(i.USART1_IRQHandler)
    i.USART_Cmd                              0x080056f0   Section        0  stm32f10x_usart.o(i.USART_Cmd)
    i.USART_ITConfig                         0x08005708   Section        0  stm32f10x_usart.o(i.USART_ITConfig)
    i.USART_Init                             0x08005754   Section        0  stm32f10x_usart.o(i.USART_Init)
    i.UartTxQueueUser                        0x0800582c   Section        0  loadapp.o(i.UartTxQueueUser)
    i.UsageFault_Handler                     0x080058b4   Section        0  stm32f10x_it.o(i.UsageFault_Handler)
    i._sys_exit                              0x080058b8   Section        0  usart.o(i._sys_exit)
    i.flashUpdateByModbus                    0x080058bc   Section        0  loadapp.o(i.flashUpdateByModbus)
    i.led_task                               0x0800591c   Section        0  main.o(i.led_task)
    i.main                                   0x0800594c   Section        0  main.o(i.main)
    i.uart_init                              0x08005a04   Section        0  usart.o(i.uart_init)
    x$fpl$fadd                               0x08005aac   Section      196  faddsub_clz.o(x$fpl$fadd)
    _fadd1                                   0x08005abb   Thumb Code     0  faddsub_clz.o(x$fpl$fadd)
    x$fpl$fcmpinf                            0x08005b70   Section       24  fcmpi.o(x$fpl$fcmpinf)
    x$fpl$fdiv                               0x08005b88   Section      388  fdiv.o(x$fpl$fdiv)
    _fdiv1                                   0x08005b89   Thumb Code     0  fdiv.o(x$fpl$fdiv)
    x$fpl$ffixu                              0x08005d0c   Section       62  ffixu.o(x$fpl$ffixu)
    x$fpl$fflt                               0x08005d4c   Section       48  fflt_clz.o(x$fpl$fflt)
    x$fpl$ffltu                              0x08005d7c   Section       38  fflt_clz.o(x$fpl$ffltu)
    x$fpl$fleqf                              0x08005da4   Section      104  fleqf.o(x$fpl$fleqf)
    x$fpl$fmul                               0x08005e0c   Section      258  fmul.o(x$fpl$fmul)
    x$fpl$fnaninf                            0x08005f0e   Section      140  fnaninf.o(x$fpl$fnaninf)
    x$fpl$fretinf                            0x08005f9a   Section       10  fretinf.o(x$fpl$fretinf)
    x$fpl$frleqf                             0x08005fa4   Section       98  frleqf.o(x$fpl$frleqf)
    x$fpl$fsub                               0x08006008   Section      234  faddsub_clz.o(x$fpl$fsub)
    _fsub1                                   0x08006017   Thumb Code     0  faddsub_clz.o(x$fpl$fsub)
    .constdata                               0x080060f2   Section      512  loadapp.o(.constdata)
    x$fpl$usenofp                            0x080060f2   Section        0  usenofp.o(x$fpl$usenofp)
    .data                                    0x20000000   Section       20  stm32f10x_rcc.o(.data)
    APBAHBPrescTable                         0x20000000   Data          16  stm32f10x_rcc.o(.data)
    ADCPrescTable                            0x20000010   Data           4  stm32f10x_rcc.o(.data)
    .data                                    0x20000014   Section       12  timer.o(.data)
    .data                                    0x20000020   Section       20  main.o(.data)
    state                                    0x20000030   Data           4  main.o(.data)
    .data                                    0x20000034   Section       51  bms_serial.o(.data)
    mSendCount                               0x20000066   Data           1  bms_serial.o(.data)
    .bss                                     0x20000068   Section      277  loadapp.o(.bss)
    sUartTxBuf                               0x2000007e   Data         255  loadapp.o(.bss)
    .bss                                     0x20000180   Section     5204  bms_serial.o(.bss)
    SendDataBuff                             0x20000180   Data         255  bms_serial.o(.bss)
    Modbus_AddrData                          0x2000027f   Data         256  bms_serial.o(.bss)
    .bss                                     0x200015d4   Section       96  libspace.o(.bss)
    HEAP                                     0x20001638   Section      512  startup_stm32f10x_hd.o(HEAP)
    Heap_Mem                                 0x20001638   Data         512  startup_stm32f10x_hd.o(HEAP)
    STACK                                    0x20001838   Section     1024  startup_stm32f10x_hd.o(STACK)
    Stack_Mem                                0x20001838   Data        1024  startup_stm32f10x_hd.o(STACK)
    __initial_sp                             0x20001c38   Data           0  startup_stm32f10x_hd.o(STACK)

    Global Symbols

    Symbol Name                              Value     Ov Type        Size  Object(Section)

    BuildAttributes$$THM_ISAv4$P$D$K$B$S$PE$A:L22UL41UL21$X:L11$S22US41US21$IEEE1$IW$USESV6$~STKCKD$USESV7$~SHL$OSPACE$ROPI$EBA8$UX$STANDARDLIB$REQ8$PRES8$EABIv2 0x00000000   Number         0  anon$$obj.o ABSOLUTE
    __ARM_use_no_argv                        0x00000000   Number         0  main.o ABSOLUTE
    __ARM_exceptions_init                     - Undefined Weak Reference
    __alloca_initialize                       - Undefined Weak Reference
    __arm_preinit_                            - Undefined Weak Reference
    __cpp_initialize__aeabi_                  - Undefined Weak Reference
    __cxa_finalize                            - Undefined Weak Reference
    __rt_locale                               - Undefined Weak Reference
    __sigvec_lookup                           - Undefined Weak Reference
    _atexit_init                              - Undefined Weak Reference
    _call_atexit_fns                          - Undefined Weak Reference
    _clock_init                               - Undefined Weak Reference
    _fp_trap_init                             - Undefined Weak Reference
    _fp_trap_shutdown                         - Undefined Weak Reference
    _get_lc_collate                           - Undefined Weak Reference
    _get_lc_ctype                             - Undefined Weak Reference
    _get_lc_monetary                          - Undefined Weak Reference
    _get_lc_numeric                           - Undefined Weak Reference
    _get_lc_time                              - Undefined Weak Reference
    _getenv_init                              - Undefined Weak Reference
    _handle_redirection                       - Undefined Weak Reference
    _init_alloc                               - Undefined Weak Reference
    _init_user_alloc                          - Undefined Weak Reference
    _initio                                   - Undefined Weak Reference
    _rand_init                                - Undefined Weak Reference
    _signal_finish                            - Undefined Weak Reference
    _signal_init                              - Undefined Weak Reference
    _terminate_alloc                          - Undefined Weak Reference
    _terminate_user_alloc                     - Undefined Weak Reference
    _terminateio                              - Undefined Weak Reference
    __Vectors_Size                           0x00000130   Number         0  startup_stm32f10x_hd.o ABSOLUTE
    __Vectors                                0x08002000   Data           4  startup_stm32f10x_hd.o(RESET)
    __Vectors_End                            0x08002130   Data           0  startup_stm32f10x_hd.o(RESET)
    __main                                   0x08002131   Thumb Code     8  __main.o(!!!main)
    __scatterload                            0x08002139   Thumb Code     0  __scatter.o(!!!scatter)
    __scatterload_rt2                        0x08002139   Thumb Code    44  __scatter.o(!!!scatter)
    __scatterload_rt2_thumb_only             0x08002139   Thumb Code     0  __scatter.o(!!!scatter)
    __scatterload_null                       0x08002147   Thumb Code     0  __scatter.o(!!!scatter)
    __scatterload_copy                       0x0800216d   Thumb Code    26  __scatter_copy.o(!!handler_copy)
    __scatterload_zeroinit                   0x08002189   Thumb Code    28  __scatter_zi.o(!!handler_zi)
    __rt_lib_init                            0x080021a5   Thumb Code     0  libinit.o(.ARM.Collect$$libinit$$00000000)
    __rt_lib_init_alloca_1                   0x080021a7   Thumb Code     0  libinit2.o(.ARM.Collect$$libinit$$0000002E)
    __rt_lib_init_argv_1                     0x080021a7   Thumb Code     0  libinit2.o(.ARM.Collect$$libinit$$0000002C)
    __rt_lib_init_atexit_1                   0x080021a7   Thumb Code     0  libinit2.o(.ARM.Collect$$libinit$$0000001B)
    __rt_lib_init_clock_1                    0x080021a7   Thumb Code     0  libinit2.o(.ARM.Collect$$libinit$$00000021)
    __rt_lib_init_cpp_1                      0x080021a7   Thumb Code     0  libinit2.o(.ARM.Collect$$libinit$$00000032)
    __rt_lib_init_exceptions_1               0x080021a7   Thumb Code     0  libinit2.o(.ARM.Collect$$libinit$$00000030)
    __rt_lib_init_fp_1                       0x080021a7   Thumb Code     0  libinit2.o(.ARM.Collect$$libinit$$00000002)
    __rt_lib_init_fp_trap_1                  0x080021a7   Thumb Code     0  libinit2.o(.ARM.Collect$$libinit$$0000001F)
    __rt_lib_init_getenv_1                   0x080021a7   Thumb Code     0  libinit2.o(.ARM.Collect$$libinit$$00000023)
    __rt_lib_init_heap_1                     0x080021a7   Thumb Code     0  libinit2.o(.ARM.Collect$$libinit$$0000000A)
    __rt_lib_init_lc_collate_1               0x080021a7   Thumb Code     0  libinit2.o(.ARM.Collect$$libinit$$00000011)
    __rt_lib_init_lc_ctype_1                 0x080021a7   Thumb Code     0  libinit2.o(.ARM.Collect$$libinit$$00000013)
    __rt_lib_init_lc_monetary_1              0x080021a7   Thumb Code     0  libinit2.o(.ARM.Collect$$libinit$$00000015)
    __rt_lib_init_lc_numeric_1               0x080021a7   Thumb Code     0  libinit2.o(.ARM.Collect$$libinit$$00000017)
    __rt_lib_init_lc_time_1                  0x080021a7   Thumb Code     0  libinit2.o(.ARM.Collect$$libinit$$00000019)
    __rt_lib_init_preinit_1                  0x080021a7   Thumb Code     0  libinit2.o(.ARM.Collect$$libinit$$00000004)
    __rt_lib_init_rand_1                     0x080021a7   Thumb Code     0  libinit2.o(.ARM.Collect$$libinit$$0000000E)
    __rt_lib_init_return                     0x080021a7   Thumb Code     0  libinit2.o(.ARM.Collect$$libinit$$00000033)
    __rt_lib_init_signal_1                   0x080021a7   Thumb Code     0  libinit2.o(.ARM.Collect$$libinit$$0000001D)
    __rt_lib_init_stdio_1                    0x080021a7   Thumb Code     0  libinit2.o(.ARM.Collect$$libinit$$00000025)
    __rt_lib_init_user_alloc_1               0x080021a7   Thumb Code     0  libinit2.o(.ARM.Collect$$libinit$$0000000C)
    __rt_lib_shutdown                        0x080021a9   Thumb Code     0  libshutdown.o(.ARM.Collect$$libshutdown$$00000000)
    __rt_lib_shutdown_fp_trap_1              0x080021ab   Thumb Code     0  libshutdown2.o(.ARM.Collect$$libshutdown$$00000006)
    __rt_lib_shutdown_heap_1                 0x080021ab   Thumb Code     0  libshutdown2.o(.ARM.Collect$$libshutdown$$0000000E)
    __rt_lib_shutdown_return                 0x080021ab   Thumb Code     0  libshutdown2.o(.ARM.Collect$$libshutdown$$0000000F)
    __rt_lib_shutdown_signal_1               0x080021ab   Thumb Code     0  libshutdown2.o(.ARM.Collect$$libshutdown$$00000009)
    __rt_lib_shutdown_stdio_1                0x080021ab   Thumb Code     0  libshutdown2.o(.ARM.Collect$$libshutdown$$00000003)
    __rt_lib_shutdown_user_alloc_1           0x080021ab   Thumb Code     0  libshutdown2.o(.ARM.Collect$$libshutdown$$0000000B)
    __rt_entry                               0x080021ad   Thumb Code     0  __rtentry.o(.ARM.Collect$$rtentry$$00000000)
    __rt_entry_presh_1                       0x080021ad   Thumb Code     0  __rtentry2.o(.ARM.Collect$$rtentry$$00000002)
    __rt_entry_sh                            0x080021ad   Thumb Code     0  __rtentry4.o(.ARM.Collect$$rtentry$$00000004)
    __rt_entry_li                            0x080021b3   Thumb Code     0  __rtentry2.o(.ARM.Collect$$rtentry$$0000000A)
    __rt_entry_postsh_1                      0x080021b3   Thumb Code     0  __rtentry2.o(.ARM.Collect$$rtentry$$00000009)
    __rt_entry_main                          0x080021b7   Thumb Code     0  __rtentry2.o(.ARM.Collect$$rtentry$$0000000D)
    __rt_entry_postli_1                      0x080021b7   Thumb Code     0  __rtentry2.o(.ARM.Collect$$rtentry$$0000000C)
    __rt_exit                                0x080021bf   Thumb Code     0  rtexit.o(.ARM.Collect$$rtexit$$00000000)
    __rt_exit_ls                             0x080021c1   Thumb Code     0  rtexit2.o(.ARM.Collect$$rtexit$$00000003)
    __rt_exit_prels_1                        0x080021c1   Thumb Code     0  rtexit2.o(.ARM.Collect$$rtexit$$00000002)
    __rt_exit_exit                           0x080021c5   Thumb Code     0  rtexit2.o(.ARM.Collect$$rtexit$$00000004)
    MSR_MSP                                  0x080021cd   Thumb Code     6  jmp.o(.emb_text)
    GenerateSystemReset                      0x080021d3   Thumb Code    14  jmp.o(.emb_text)
    Reset_Handler                            0x080021e9   Thumb Code     8  startup_stm32f10x_hd.o(.text)
    ADC1_2_IRQHandler                        0x08002203   Thumb Code     0  startup_stm32f10x_hd.o(.text)
    ADC3_IRQHandler                          0x08002203   Thumb Code     0  startup_stm32f10x_hd.o(.text)
    CAN1_RX1_IRQHandler                      0x08002203   Thumb Code     0  startup_stm32f10x_hd.o(.text)
    CAN1_SCE_IRQHandler                      0x08002203   Thumb Code     0  startup_stm32f10x_hd.o(.text)
    DMA1_Channel1_IRQHandler                 0x08002203   Thumb Code     0  startup_stm32f10x_hd.o(.text)
    DMA1_Channel2_IRQHandler                 0x08002203   Thumb Code     0  startup_stm32f10x_hd.o(.text)
    DMA1_Channel3_IRQHandler                 0x08002203   Thumb Code     0  startup_stm32f10x_hd.o(.text)
    DMA1_Channel4_IRQHandler                 0x08002203   Thumb Code     0  startup_stm32f10x_hd.o(.text)
    DMA1_Channel5_IRQHandler                 0x08002203   Thumb Code     0  startup_stm32f10x_hd.o(.text)
    DMA1_Channel6_IRQHandler                 0x08002203   Thumb Code     0  startup_stm32f10x_hd.o(.text)
    DMA1_Channel7_IRQHandler                 0x08002203   Thumb Code     0  startup_stm32f10x_hd.o(.text)
    DMA2_Channel1_IRQHandler                 0x08002203   Thumb Code     0  startup_stm32f10x_hd.o(.text)
    DMA2_Channel2_IRQHandler                 0x08002203   Thumb Code     0  startup_stm32f10x_hd.o(.text)
    DMA2_Channel3_IRQHandler                 0x08002203   Thumb Code     0  startup_stm32f10x_hd.o(.text)
    DMA2_Channel4_5_IRQHandler               0x08002203   Thumb Code     0  startup_stm32f10x_hd.o(.text)
    EXTI0_IRQHandler                         0x08002203   Thumb Code     0  startup_stm32f10x_hd.o(.text)
    EXTI15_10_IRQHandler                     0x08002203   Thumb Code     0  startup_stm32f10x_hd.o(.text)
    EXTI1_IRQHandler                         0x08002203   Thumb Code     0  startup_stm32f10x_hd.o(.text)
    EXTI2_IRQHandler                         0x08002203   Thumb Code     0  startup_stm32f10x_hd.o(.text)
    EXTI3_IRQHandler                         0x08002203   Thumb Code     0  startup_stm32f10x_hd.o(.text)
    EXTI4_IRQHandler                         0x08002203   Thumb Code     0  startup_stm32f10x_hd.o(.text)
    EXTI9_5_IRQHandler                       0x08002203   Thumb Code     0  startup_stm32f10x_hd.o(.text)
    FLASH_IRQHandler                         0x08002203   Thumb Code     0  startup_stm32f10x_hd.o(.text)
    FSMC_IRQHandler                          0x08002203   Thumb Code     0  startup_stm32f10x_hd.o(.text)
    I2C1_ER_IRQHandler                       0x08002203   Thumb Code     0  startup_stm32f10x_hd.o(.text)
    I2C1_EV_IRQHandler                       0x08002203   Thumb Code     0  startup_stm32f10x_hd.o(.text)
    I2C2_ER_IRQHandler                       0x08002203   Thumb Code     0  startup_stm32f10x_hd.o(.text)
    I2C2_EV_IRQHandler                       0x08002203   Thumb Code     0  startup_stm32f10x_hd.o(.text)
    PVD_IRQHandler                           0x08002203   Thumb Code     0  startup_stm32f10x_hd.o(.text)
    RCC_IRQHandler                           0x08002203   Thumb Code     0  startup_stm32f10x_hd.o(.text)
    RTCAlarm_IRQHandler                      0x08002203   Thumb Code     0  startup_stm32f10x_hd.o(.text)
    RTC_IRQHandler                           0x08002203   Thumb Code     0  startup_stm32f10x_hd.o(.text)
    SDIO_IRQHandler                          0x08002203   Thumb Code     0  startup_stm32f10x_hd.o(.text)
    SPI1_IRQHandler                          0x08002203   Thumb Code     0  startup_stm32f10x_hd.o(.text)
    SPI2_IRQHandler                          0x08002203   Thumb Code     0  startup_stm32f10x_hd.o(.text)
    SPI3_IRQHandler                          0x08002203   Thumb Code     0  startup_stm32f10x_hd.o(.text)
    TAMPER_IRQHandler                        0x08002203   Thumb Code     0  startup_stm32f10x_hd.o(.text)
    TIM1_BRK_IRQHandler                      0x08002203   Thumb Code     0  startup_stm32f10x_hd.o(.text)
    TIM1_CC_IRQHandler                       0x08002203   Thumb Code     0  startup_stm32f10x_hd.o(.text)
    TIM1_TRG_COM_IRQHandler                  0x08002203   Thumb Code     0  startup_stm32f10x_hd.o(.text)
    TIM1_UP_IRQHandler                       0x08002203   Thumb Code     0  startup_stm32f10x_hd.o(.text)
    TIM3_IRQHandler                          0x08002203   Thumb Code     0  startup_stm32f10x_hd.o(.text)
    TIM4_IRQHandler                          0x08002203   Thumb Code     0  startup_stm32f10x_hd.o(.text)
    TIM5_IRQHandler                          0x08002203   Thumb Code     0  startup_stm32f10x_hd.o(.text)
    TIM6_IRQHandler                          0x08002203   Thumb Code     0  startup_stm32f10x_hd.o(.text)
    TIM7_IRQHandler                          0x08002203   Thumb Code     0  startup_stm32f10x_hd.o(.text)
    TIM8_BRK_IRQHandler                      0x08002203   Thumb Code     0  startup_stm32f10x_hd.o(.text)
    TIM8_CC_IRQHandler                       0x08002203   Thumb Code     0  startup_stm32f10x_hd.o(.text)
    TIM8_TRG_COM_IRQHandler                  0x08002203   Thumb Code     0  startup_stm32f10x_hd.o(.text)
    TIM8_UP_IRQHandler                       0x08002203   Thumb Code     0  startup_stm32f10x_hd.o(.text)
    UART4_IRQHandler                         0x08002203   Thumb Code     0  startup_stm32f10x_hd.o(.text)
    UART5_IRQHandler                         0x08002203   Thumb Code     0  startup_stm32f10x_hd.o(.text)
    USART2_IRQHandler                        0x08002203   Thumb Code     0  startup_stm32f10x_hd.o(.text)
    USART3_IRQHandler                        0x08002203   Thumb Code     0  startup_stm32f10x_hd.o(.text)
    USBWakeUp_IRQHandler                     0x08002203   Thumb Code     0  startup_stm32f10x_hd.o(.text)
    USB_HP_CAN1_TX_IRQHandler                0x08002203   Thumb Code     0  startup_stm32f10x_hd.o(.text)
    USB_LP_CAN1_RX0_IRQHandler               0x08002203   Thumb Code     0  startup_stm32f10x_hd.o(.text)
    WWDG_IRQHandler                          0x08002203   Thumb Code     0  startup_stm32f10x_hd.o(.text)
    __user_initial_stackheap                 0x08002205   Thumb Code     0  startup_stm32f10x_hd.o(.text)
    __use_no_semihosting                     0x08002229   Thumb Code     2  use_no_semi_2.o(.text)
    __use_two_region_memory                  0x0800222b   Thumb Code     2  heapauxi.o(.text)
    __rt_heap_escrow$2region                 0x0800222d   Thumb Code     2  heapauxi.o(.text)
    __rt_heap_expand$2region                 0x0800222f   Thumb Code     2  heapauxi.o(.text)
    __I$use$semihosting                      0x08002231   Thumb Code     0  use_no_semi.o(.text)
    __use_no_semihosting_swi                 0x08002231   Thumb Code     2  use_no_semi.o(.text)
    __user_setup_stackheap                   0x08002233   Thumb Code    74  sys_stackheap_outer.o(.text)
    exit                                     0x0800227d   Thumb Code    12  exit.o(.text)
    __user_libspace                          0x08002289   Thumb Code     8  libspace.o(.text)
    __user_perproc_libspace                  0x08002289   Thumb Code     0  libspace.o(.text)
    __user_perthread_libspace                0x08002289   Thumb Code     0  libspace.o(.text)
    BootloaderInit                           0x08002291   Thumb Code    26  loadapp.o(i.BootloaderInit)
    BusFault_Handler                         0x080022b1   Thumb Code     4  stm32f10x_it.o(i.BusFault_Handler)
    ChkSum                                   0x080022f5   Thumb Code    54  bms_serial.o(i.ChkSum)
    DebugMon_Handler                         0x0800235d   Thumb Code     2  stm32f10x_it.o(i.DebugMon_Handler)
    FLASH_ErasePage                          0x08002361   Thumb Code    72  stm32f10x_flash.o(i.FLASH_ErasePage)
    FLASH_GetBank1Status                     0x080023ad   Thumb Code    48  stm32f10x_flash.o(i.FLASH_GetBank1Status)
    FLASH_LockBank1                          0x080023e1   Thumb Code    14  stm32f10x_flash.o(i.FLASH_LockBank1)
    FLASH_UnlockBank1                        0x080023f5   Thumb Code    12  stm32f10x_flash.o(i.FLASH_UnlockBank1)
    FLASH_WaitForLastOperation               0x0800240d   Thumb Code    38  stm32f10x_flash.o(i.FLASH_WaitForLastOperation)
    FlashErase                               0x08002433   Thumb Code    34  bspflash.o(i.FlashErase)
    GPIO_Init                                0x08002487   Thumb Code   278  stm32f10x_gpio.o(i.GPIO_Init)
    GPIO_ResetBits                           0x0800259d   Thumb Code     4  stm32f10x_gpio.o(i.GPIO_ResetBits)
    HardFault_Handler                        0x080025a1   Thumb Code     4  stm32f10x_it.o(i.HardFault_Handler)
    LoadChkSum                               0x080025a5   Thumb Code    46  bms_serial.o(i.LoadChkSum)
    LoadDataRecode                           0x080025d5   Thumb Code   196  bms_serial.o(i.LoadDataRecode)
    LoadRcvChk                               0x080026b1   Thumb Code    48  bms_serial.o(i.LoadRcvChk)
    MemManage_Handler                        0x080026e5   Thumb Code     4  stm32f10x_it.o(i.MemManage_Handler)
    ModbusSendDataCode                       0x080026e9   Thumb Code  5612  bms_serial.o(i.ModbusSendDataCode)
    Modbus_ClearBuff_CAN1                    0x08003cdd   Thumb Code    26  bms_serial.o(i.Modbus_ClearBuff_CAN1)
    Modbus_ClearBuff_CAN2                    0x08003cfd   Thumb Code    26  bms_serial.o(i.Modbus_ClearBuff_CAN2)
    Modbus_ClearBuff_UART1                   0x08003d1d   Thumb Code    26  bms_serial.o(i.Modbus_ClearBuff_UART1)
    Modbus_ClearBuff_UART2                   0x08003d3d   Thumb Code    26  bms_serial.o(i.Modbus_ClearBuff_UART2)
    Modbus_ClearBuff_UART3                   0x08003d5d   Thumb Code    26  bms_serial.o(i.Modbus_ClearBuff_UART3)
    Modbus_ClearBuff_UART4                   0x08003d7d   Thumb Code    26  bms_serial.o(i.Modbus_ClearBuff_UART4)
    Modbus_SendData                          0x08003d9d   Thumb Code   268  bms_serial.o(i.Modbus_SendData)
    Modbus_SendError                         0x08003ec5   Thumb Code    38  bms_serial.o(i.Modbus_SendError)
    Modbus_SerialDecode                      0x08003ef5   Thumb Code   412  bms_serial.o(i.Modbus_SerialDecode)
    Modbus_SerialStartSend                   0x080040a9   Thumb Code   228  bms_serial.o(i.Modbus_SerialStartSend)
    ModeBusRxUserHook                        0x0800427d   Thumb Code   436  loadapp.o(i.ModeBusRxUserHook)
    NMI_Handler                              0x08004435   Thumb Code     2  stm32f10x_it.o(i.NMI_Handler)
    NVIC_Init                                0x08004439   Thumb Code   100  misc.o(i.NVIC_Init)
    NVIC_PriorityGroupConfig                 0x080044a9   Thumb Code    10  misc.o(i.NVIC_PriorityGroupConfig)
    PendSV_Handler                           0x080044bd   Thumb Code     2  stm32f10x_it.o(i.PendSV_Handler)
    RCC_APB1PeriphClockCmd                   0x080044c1   Thumb Code    26  stm32f10x_rcc.o(i.RCC_APB1PeriphClockCmd)
    RCC_APB2PeriphClockCmd                   0x080044e1   Thumb Code    26  stm32f10x_rcc.o(i.RCC_APB2PeriphClockCmd)
    RCC_GetClocksFreq                        0x08004501   Thumb Code   192  stm32f10x_rcc.o(i.RCC_GetClocksFreq)
    RcvChk                                   0x080045d5   Thumb Code    44  bms_serial.o(i.RcvChk)
    SVC_Handler                              0x08004655   Thumb Code     2  stm32f10x_it.o(i.SVC_Handler)
    SerialDecodeHook                         0x08004659   Thumb Code   934  bms_serial.o(i.SerialDecodeHook)
    SerialDecoding                           0x08004a1d   Thumb Code    34  bms_serial.o(i.SerialDecoding)
    SerialInput_UART1                        0x08004a41   Thumb Code   898  bms_serial.o(i.SerialInput_UART1)
    SerialOutput_UART1                       0x08004dd1   Thumb Code   130  bms_serial.o(i.SerialOutput_UART1)
    SerialTimeOut_                           0x08004e69   Thumb Code   356  bms_serial.o(i.SerialTimeOut_)
    SerialTimer                              0x08004ffd   Thumb Code   476  bms_serial.o(i.SerialTimer)
    SysTick_Handler                          0x080052f1   Thumb Code     2  stm32f10x_it.o(i.SysTick_Handler)
    SystemInit                               0x080052f5   Thumb Code    78  system_stm32f10x.o(i.SystemInit)
    TIM2_IRQHandler                          0x08005355   Thumb Code    62  timer.o(i.TIM2_IRQHandler)
    TIM_ClearITPendingBit                    0x080053a1   Thumb Code     6  stm32f10x_tim.o(i.TIM_ClearITPendingBit)
    TIM_Cmd                                  0x080053a7   Thumb Code    24  stm32f10x_tim.o(i.TIM_Cmd)
    TIM_GetITStatus                          0x080053bf   Thumb Code    34  stm32f10x_tim.o(i.TIM_GetITStatus)
    TIM_ITConfig                             0x080053e1   Thumb Code    18  stm32f10x_tim.o(i.TIM_ITConfig)
    TIM_InternalClockConfig                  0x080053f3   Thumb Code    12  stm32f10x_tim.o(i.TIM_InternalClockConfig)
    TIM_Interrupt_Init                       0x08005401   Thumb Code   220  timer.o(i.TIM_Interrupt_Init)
    TIM_TimeBaseInit                         0x080054e9   Thumb Code   122  stm32f10x_tim.o(i.TIM_TimeBaseInit)
    UARTSendData                             0x0800558d   Thumb Code   250  bms_serial.o(i.UARTSendData)
    USART1_IRQHandler                        0x080056a5   Thumb Code    70  usart.o(i.USART1_IRQHandler)
    USART_Cmd                                0x080056f1   Thumb Code    24  stm32f10x_usart.o(i.USART_Cmd)
    USART_ITConfig                           0x08005709   Thumb Code    74  stm32f10x_usart.o(i.USART_ITConfig)
    USART_Init                               0x08005755   Thumb Code   210  stm32f10x_usart.o(i.USART_Init)
    UartTxQueueUser                          0x0800582d   Thumb Code   124  loadapp.o(i.UartTxQueueUser)
    UsageFault_Handler                       0x080058b5   Thumb Code     4  stm32f10x_it.o(i.UsageFault_Handler)
    _sys_exit                                0x080058b9   Thumb Code     4  usart.o(i._sys_exit)
    flashUpdateByModbus                      0x080058bd   Thumb Code    90  loadapp.o(i.flashUpdateByModbus)
    led_task                                 0x0800591d   Thumb Code    38  main.o(i.led_task)
    main                                     0x0800594d   Thumb Code   160  main.o(i.main)
    uart_init                                0x08005a05   Thumb Code   160  usart.o(i.uart_init)
    __aeabi_fadd                             0x08005aad   Thumb Code     0  faddsub_clz.o(x$fpl$fadd)
    _fadd                                    0x08005aad   Thumb Code   196  faddsub_clz.o(x$fpl$fadd)
    __fpl_fcmp_Inf                           0x08005b71   Thumb Code    24  fcmpi.o(x$fpl$fcmpinf)
    __aeabi_fdiv                             0x08005b89   Thumb Code     0  fdiv.o(x$fpl$fdiv)
    _fdiv                                    0x08005b89   Thumb Code   384  fdiv.o(x$fpl$fdiv)
    __aeabi_f2uiz                            0x08005d0d   Thumb Code     0  ffixu.o(x$fpl$ffixu)
    _ffixu                                   0x08005d0d   Thumb Code    62  ffixu.o(x$fpl$ffixu)
    __aeabi_i2f                              0x08005d4d   Thumb Code     0  fflt_clz.o(x$fpl$fflt)
    _fflt                                    0x08005d4d   Thumb Code    48  fflt_clz.o(x$fpl$fflt)
    __aeabi_ui2f                             0x08005d7d   Thumb Code     0  fflt_clz.o(x$fpl$ffltu)
    _ffltu                                   0x08005d7d   Thumb Code    38  fflt_clz.o(x$fpl$ffltu)
    __aeabi_cfcmple                          0x08005da5   Thumb Code     0  fleqf.o(x$fpl$fleqf)
    _fcmple                                  0x08005da5   Thumb Code   104  fleqf.o(x$fpl$fleqf)
    __fpl_fcmple_InfNaN                      0x08005df7   Thumb Code     0  fleqf.o(x$fpl$fleqf)
    __aeabi_fmul                             0x08005e0d   Thumb Code     0  fmul.o(x$fpl$fmul)
    _fmul                                    0x08005e0d   Thumb Code   258  fmul.o(x$fpl$fmul)
    __fpl_fnaninf                            0x08005f0f   Thumb Code   140  fnaninf.o(x$fpl$fnaninf)
    __fpl_fretinf                            0x08005f9b   Thumb Code    10  fretinf.o(x$fpl$fretinf)
    __aeabi_cfrcmple                         0x08005fa5   Thumb Code     0  frleqf.o(x$fpl$frleqf)
    _frcmple                                 0x08005fa5   Thumb Code    98  frleqf.o(x$fpl$frleqf)
    __aeabi_fsub                             0x08006009   Thumb Code     0  faddsub_clz.o(x$fpl$fsub)
    _fsub                                    0x08006009   Thumb Code   234  faddsub_clz.o(x$fpl$fsub)
    __I$use$fp                               0x080060f2   Number         0  usenofp.o(x$fpl$usenofp)
    auchCRCHi_exp                            0x080060f2   Data         256  loadapp.o(.constdata)
    auchCRCLo_exp                            0x080061f2   Data         256  loadapp.o(.constdata)
    Region$$Table$$Base                      0x080062f4   Number         0  anon$$obj.o(Region$$Table)
    Region$$Table$$Limit                     0x08006314   Number         0  anon$$obj.o(Region$$Table)
    task_time_100ms                          0x20000014   Data           4  timer.o(.data)
    task_time_1s                             0x20000018   Data           4  timer.o(.data)
    task_time_4s                             0x2000001c   Data           4  timer.o(.data)
    stAccData                                0x20000020   Data           6  main.o(.data)
    stGyroData                               0x20000026   Data           6  main.o(.data)
    g_uc                                     0x2000002c   Data           4  main.o(.data)
    RTCC_CB                                  0x20000034   Data           6  bms_serial.o(.data)
    RTCC                                     0x2000003a   Data           1  bms_serial.o(.data)
    pMSGSERIAL                               0x2000003c   Data           4  bms_serial.o(.data)
    MSG_SERIAL_CAN1_SleepFlag                0x20000040   Data           1  bms_serial.o(.data)
    MSG_SERIAL_CAN2_SleepFlag                0x20000041   Data           1  bms_serial.o(.data)
    MSG_SERIAL_UART1_SleepFlag               0x20000042   Data           1  bms_serial.o(.data)
    MSG_SERIAL_UART2_SleepFlag               0x20000043   Data           1  bms_serial.o(.data)
    MSG_SERIAL_UART3_SleepFlag               0x20000044   Data           1  bms_serial.o(.data)
    MSG_SERIAL_UART4_SleepFlag               0x20000045   Data           1  bms_serial.o(.data)
    ADDR                                     0x20000046   Data           1  bms_serial.o(.data)
    VERSION                                  0x20000048   Data           4  bms_serial.o(.data)
    Hardware_VER                             0x2000004c   Data           1  bms_serial.o(.data)
    TCell_count                              0x2000004d   Data           1  bms_serial.o(.data)
    TTemp_count                              0x2000004e   Data           1  bms_serial.o(.data)
    MOS_OT                                   0x2000004f   Data           1  bms_serial.o(.data)
    E_OT                                     0x20000050   Data           1  bms_serial.o(.data)
    Guset_CMDDSGFET_EN                       0x20000051   Data           1  bms_serial.o(.data)
    Guset_CMDCHGFET_EN                       0x20000052   Data           1  bms_serial.o(.data)
    Guset_Heat_EN                            0x20000053   Data           1  bms_serial.o(.data)
    WriteEepromFlag                          0x20000054   Data           1  bms_serial.o(.data)
    Guset_CMDGPSPOWER_EN                     0x20000055   Data           1  bms_serial.o(.data)
    RS485_DIR1                               0x20000056   Data           1  bms_serial.o(.data)
    RS485_DIR2                               0x20000057   Data           1  bms_serial.o(.data)
    RS485_DIR3                               0x20000058   Data           1  bms_serial.o(.data)
    RS485_DIR4                               0x20000059   Data           1  bms_serial.o(.data)
    MSG_SERIAL_RecCount                      0x2000005a   Data           2  bms_serial.o(.data)
    MSG_SERIAL_GUEST_RecCount                0x2000005c   Data           2  bms_serial.o(.data)
    MSG_SERIAL_UART1_RecCount                0x2000005e   Data           2  bms_serial.o(.data)
    MSG_SERIAL_UART2_RecCount                0x20000060   Data           2  bms_serial.o(.data)
    MSG_SERIAL_UART3_RecCount                0x20000062   Data           2  bms_serial.o(.data)
    MSG_SERIAL_UART4_RecCount                0x20000064   Data           2  bms_serial.o(.data)
    gFlashLoadData                           0x20000068   Data          22  loadapp.o(.bss)
    MSG_SERIAL_UART1                         0x20000380   Data         612  bms_serial.o(.bss)
    MSG_SERIAL_UART2                         0x200005e4   Data         612  bms_serial.o(.bss)
    MSG_SERIAL_UART3                         0x20000848   Data         612  bms_serial.o(.bss)
    MSG_SERIAL_UART4                         0x20000aac   Data         612  bms_serial.o(.bss)
    MSG_SERIAL_CAN1                          0x20000d10   Data         612  bms_serial.o(.bss)
    MSG_SERIAL_CAN2                          0x20000f74   Data         612  bms_serial.o(.bss)
    BLA_CB                                   0x200011d8   Data          36  bms_serial.o(.bss)
    OT_CB                                    0x200011fc   Data          88  bms_serial.o(.bss)
    OV_CB                                    0x20001254   Data          76  bms_serial.o(.bss)
    UV_CB                                    0x200012a0   Data          84  bms_serial.o(.bss)
    OC_CB                                    0x200012f4   Data          48  bms_serial.o(.bss)
    F_CB                                     0x20001324   Data          83  bms_serial.o(.bss)
    C_CB                                     0x20001378   Data          40  bms_serial.o(.bss)
    V_CB                                     0x200013a0   Data         284  bms_serial.o(.bss)
    SOC                                      0x200014bc   Data          32  bms_serial.o(.bss)
    SOC_CB                                   0x200014dc   Data          88  bms_serial.o(.bss)
    ProductCode                              0x20001534   Data          32  bms_serial.o(.bss)
    ReadCfgData                              0x20001554   Data          32  bms_serial.o(.bss)
    ReadCfgEData                             0x20001574   Data          32  bms_serial.o(.bss)
    ReadAlamData                             0x20001594   Data          32  bms_serial.o(.bss)
    ReadFuelData                             0x200015b4   Data          32  bms_serial.o(.bss)
    __libspace_start                         0x200015d4   Data          96  libspace.o(.bss)
    __temporary_stack_top$libspace           0x20001634   Data           0  libspace.o(.bss)



==============================================================================

Memory Map of the image

  Image Entry point : 0x08002131

  Load Region LR_IROM1 (Base: 0x08002000, Size: 0x0000437c, Max: 0x00010000, ABSOLUTE)

    Execution Region ER_IROM1 (Base: 0x08002000, Size: 0x00004314, Max: 0x00010000, ABSOLUTE)

    Base Addr    Size         Type   Attr      Idx    E Section Name        Object

    0x08002000   0x00000130   Data   RO          132    RESET               startup_stm32f10x_hd.o
    0x08002130   0x00000008   Code   RO         4024  * !!!main             c_w.l(__main.o)
    0x08002138   0x00000034   Code   RO         4217    !!!scatter          c_w.l(__scatter.o)
    0x0800216c   0x0000001a   Code   RO         4219    !!handler_copy      c_w.l(__scatter_copy.o)
    0x08002186   0x00000002   PAD
    0x08002188   0x0000001c   Code   RO         4221    !!handler_zi        c_w.l(__scatter_zi.o)
    0x080021a4   0x00000002   Code   RO         4092    .ARM.Collect$$libinit$$00000000  c_w.l(libinit.o)
    0x080021a6   0x00000000   Code   RO         4099    .ARM.Collect$$libinit$$00000002  c_w.l(libinit2.o)
    0x080021a6   0x00000000   Code   RO         4101    .ARM.Collect$$libinit$$00000004  c_w.l(libinit2.o)
    0x080021a6   0x00000000   Code   RO         4104    .ARM.Collect$$libinit$$0000000A  c_w.l(libinit2.o)
    0x080021a6   0x00000000   Code   RO         4106    .ARM.Collect$$libinit$$0000000C  c_w.l(libinit2.o)
    0x080021a6   0x00000000   Code   RO         4108    .ARM.Collect$$libinit$$0000000E  c_w.l(libinit2.o)
    0x080021a6   0x00000000   Code   RO         4111    .ARM.Collect$$libinit$$00000011  c_w.l(libinit2.o)
    0x080021a6   0x00000000   Code   RO         4113    .ARM.Collect$$libinit$$00000013  c_w.l(libinit2.o)
    0x080021a6   0x00000000   Code   RO         4115    .ARM.Collect$$libinit$$00000015  c_w.l(libinit2.o)
    0x080021a6   0x00000000   Code   RO         4117    .ARM.Collect$$libinit$$00000017  c_w.l(libinit2.o)
    0x080021a6   0x00000000   Code   RO         4119    .ARM.Collect$$libinit$$00000019  c_w.l(libinit2.o)
    0x080021a6   0x00000000   Code   RO         4121    .ARM.Collect$$libinit$$0000001B  c_w.l(libinit2.o)
    0x080021a6   0x00000000   Code   RO         4123    .ARM.Collect$$libinit$$0000001D  c_w.l(libinit2.o)
    0x080021a6   0x00000000   Code   RO         4125    .ARM.Collect$$libinit$$0000001F  c_w.l(libinit2.o)
    0x080021a6   0x00000000   Code   RO         4127    .ARM.Collect$$libinit$$00000021  c_w.l(libinit2.o)
    0x080021a6   0x00000000   Code   RO         4129    .ARM.Collect$$libinit$$00000023  c_w.l(libinit2.o)
    0x080021a6   0x00000000   Code   RO         4131    .ARM.Collect$$libinit$$00000025  c_w.l(libinit2.o)
    0x080021a6   0x00000000   Code   RO         4135    .ARM.Collect$$libinit$$0000002C  c_w.l(libinit2.o)
    0x080021a6   0x00000000   Code   RO         4137    .ARM.Collect$$libinit$$0000002E  c_w.l(libinit2.o)
    0x080021a6   0x00000000   Code   RO         4139    .ARM.Collect$$libinit$$00000030  c_w.l(libinit2.o)
    0x080021a6   0x00000000   Code   RO         4141    .ARM.Collect$$libinit$$00000032  c_w.l(libinit2.o)
    0x080021a6   0x00000002   Code   RO         4142    .ARM.Collect$$libinit$$00000033  c_w.l(libinit2.o)
    0x080021a8   0x00000002   Code   RO         4160    .ARM.Collect$$libshutdown$$00000000  c_w.l(libshutdown.o)
    0x080021aa   0x00000000   Code   RO         4171    .ARM.Collect$$libshutdown$$00000003  c_w.l(libshutdown2.o)
    0x080021aa   0x00000000   Code   RO         4174    .ARM.Collect$$libshutdown$$00000006  c_w.l(libshutdown2.o)
    0x080021aa   0x00000000   Code   RO         4177    .ARM.Collect$$libshutdown$$00000009  c_w.l(libshutdown2.o)
    0x080021aa   0x00000000   Code   RO         4179    .ARM.Collect$$libshutdown$$0000000B  c_w.l(libshutdown2.o)
    0x080021aa   0x00000000   Code   RO         4182    .ARM.Collect$$libshutdown$$0000000E  c_w.l(libshutdown2.o)
    0x080021aa   0x00000002   Code   RO         4183    .ARM.Collect$$libshutdown$$0000000F  c_w.l(libshutdown2.o)
    0x080021ac   0x00000000   Code   RO         4056    .ARM.Collect$$rtentry$$00000000  c_w.l(__rtentry.o)
    0x080021ac   0x00000000   Code   RO         4067    .ARM.Collect$$rtentry$$00000002  c_w.l(__rtentry2.o)
    0x080021ac   0x00000006   Code   RO         4079    .ARM.Collect$$rtentry$$00000004  c_w.l(__rtentry4.o)
    0x080021b2   0x00000000   Code   RO         4069    .ARM.Collect$$rtentry$$00000009  c_w.l(__rtentry2.o)
    0x080021b2   0x00000004   Code   RO         4070    .ARM.Collect$$rtentry$$0000000A  c_w.l(__rtentry2.o)
    0x080021b6   0x00000000   Code   RO         4072    .ARM.Collect$$rtentry$$0000000C  c_w.l(__rtentry2.o)
    0x080021b6   0x00000008   Code   RO         4073    .ARM.Collect$$rtentry$$0000000D  c_w.l(__rtentry2.o)
    0x080021be   0x00000002   Code   RO         4096    .ARM.Collect$$rtexit$$00000000  c_w.l(rtexit.o)
    0x080021c0   0x00000000   Code   RO         4144    .ARM.Collect$$rtexit$$00000002  c_w.l(rtexit2.o)
    0x080021c0   0x00000004   Code   RO         4145    .ARM.Collect$$rtexit$$00000003  c_w.l(rtexit2.o)
    0x080021c4   0x00000006   Code   RO         4146    .ARM.Collect$$rtexit$$00000004  c_w.l(rtexit2.o)
    0x080021ca   0x00000002   PAD
    0x080021cc   0x0000001c   Code   RO         3722    .emb_text           jmp.o
    0x080021e8   0x00000040   Code   RO          133    .text               startup_stm32f10x_hd.o
    0x08002228   0x00000002   Code   RO         4016    .text               c_w.l(use_no_semi_2.o)
    0x0800222a   0x00000006   Code   RO         4022    .text               c_w.l(heapauxi.o)
    0x08002230   0x00000002   Code   RO         4054    .text               c_w.l(use_no_semi.o)
    0x08002232   0x0000004a   Code   RO         4083    .text               c_w.l(sys_stackheap_outer.o)
    0x0800227c   0x0000000c   Code   RO         4085    .text               c_w.l(exit.o)
    0x08002288   0x00000008   Code   RO         4093    .text               c_w.l(libspace.o)
    0x08002290   0x00000020   Code   RO         3599    i.BootloaderInit    loadapp.o
    0x080022b0   0x00000004   Code   RO         3780    i.BusFault_Handler  stm32f10x_it.o
    0x080022b4   0x00000040   Code   RO         3600    i.CRC16             loadapp.o
    0x080022f4   0x00000036   Code   RO         3843    i.ChkSum            bms_serial.o
    0x0800232a   0x00000032   Code   RO         3844    i.ClrRcvBuf         bms_serial.o
    0x0800235c   0x00000002   Code   RO         3781    i.DebugMon_Handler  stm32f10x_it.o
    0x0800235e   0x00000002   PAD
    0x08002360   0x0000004c   Code   RO         1046    i.FLASH_ErasePage   stm32f10x_flash.o
    0x080023ac   0x00000034   Code   RO         1047    i.FLASH_GetBank1Status  stm32f10x_flash.o
    0x080023e0   0x00000014   Code   RO         1057    i.FLASH_LockBank1   stm32f10x_flash.o
    0x080023f4   0x00000018   Code   RO         1065    i.FLASH_UnlockBank1  stm32f10x_flash.o
    0x0800240c   0x00000026   Code   RO         1068    i.FLASH_WaitForLastOperation  stm32f10x_flash.o
    0x08002432   0x00000022   Code   RO         3667    i.FlashErase        bspflash.o
    0x08002454   0x00000032   Code   RO         3669    i.FlashSectionErase  bspflash.o
    0x08002486   0x00000116   Code   RO         1347    i.GPIO_Init         stm32f10x_gpio.o
    0x0800259c   0x00000004   Code   RO         1354    i.GPIO_ResetBits    stm32f10x_gpio.o
    0x080025a0   0x00000004   Code   RO         3782    i.HardFault_Handler  stm32f10x_it.o
    0x080025a4   0x0000002e   Code   RO         3845    i.LoadChkSum        bms_serial.o
    0x080025d2   0x00000002   PAD
    0x080025d4   0x000000dc   Code   RO         3846    i.LoadDataRecode    bms_serial.o
    0x080026b0   0x00000034   Code   RO         3847    i.LoadRcvChk        bms_serial.o
    0x080026e4   0x00000004   Code   RO         3783    i.MemManage_Handler  stm32f10x_it.o
    0x080026e8   0x000015f4   Code   RO         3848    i.ModbusSendDataCode  bms_serial.o
    0x08003cdc   0x00000020   Code   RO         3849    i.Modbus_ClearBuff_CAN1  bms_serial.o
    0x08003cfc   0x00000020   Code   RO         3850    i.Modbus_ClearBuff_CAN2  bms_serial.o
    0x08003d1c   0x00000020   Code   RO         3851    i.Modbus_ClearBuff_UART1  bms_serial.o
    0x08003d3c   0x00000020   Code   RO         3852    i.Modbus_ClearBuff_UART2  bms_serial.o
    0x08003d5c   0x00000020   Code   RO         3853    i.Modbus_ClearBuff_UART3  bms_serial.o
    0x08003d7c   0x00000020   Code   RO         3854    i.Modbus_ClearBuff_UART4  bms_serial.o
    0x08003d9c   0x00000128   Code   RO         3855    i.Modbus_SendData   bms_serial.o
    0x08003ec4   0x00000030   Code   RO         3856    i.Modbus_SendError  bms_serial.o
    0x08003ef4   0x000001b4   Code   RO         3857    i.Modbus_SerialDecode  bms_serial.o
    0x080040a8   0x00000104   Code   RO         3858    i.Modbus_SerialStartSend  bms_serial.o
    0x080041ac   0x00000076   Code   RO         3859    i.Modbus_UserRcvChk  bms_serial.o
    0x08004222   0x0000005a   Code   RO         3860    i.Modbus_crc_chk    bms_serial.o
    0x0800427c   0x000001b8   Code   RO         3601    i.ModeBusRxUserHook  loadapp.o
    0x08004434   0x00000002   Code   RO         3784    i.NMI_Handler       stm32f10x_it.o
    0x08004436   0x00000002   PAD
    0x08004438   0x00000070   Code   RO          137    i.NVIC_Init         misc.o
    0x080044a8   0x00000014   Code   RO          138    i.NVIC_PriorityGroupConfig  misc.o
    0x080044bc   0x00000002   Code   RO         3785    i.PendSV_Handler    stm32f10x_it.o
    0x080044be   0x00000002   PAD
    0x080044c0   0x00000020   Code   RO         1775    i.RCC_APB1PeriphClockCmd  stm32f10x_rcc.o
    0x080044e0   0x00000020   Code   RO         1777    i.RCC_APB2PeriphClockCmd  stm32f10x_rcc.o
    0x08004500   0x000000d4   Code   RO         1785    i.RCC_GetClocksFreq  stm32f10x_rcc.o
    0x080045d4   0x00000030   Code   RO         3861    i.RcvChk            bms_serial.o
    0x08004604   0x00000008   Code   RO         3602    i.ResetPro          loadapp.o
    0x0800460c   0x00000048   Code   RO         3603    i.ResetSoftByUpdateCommand  loadapp.o
    0x08004654   0x00000002   Code   RO         3786    i.SVC_Handler       stm32f10x_it.o
    0x08004656   0x00000002   PAD
    0x08004658   0x000003c4   Code   RO         3862    i.SerialDecodeHook  bms_serial.o
    0x08004a1c   0x00000022   Code   RO         3863    i.SerialDecoding    bms_serial.o
    0x08004a3e   0x00000002   PAD
    0x08004a40   0x00000390   Code   RO         3864    i.SerialInput_UART1  bms_serial.o
    0x08004dd0   0x00000098   Code   RO         3865    i.SerialOutput_UART1  bms_serial.o
    0x08004e68   0x00000194   Code   RO         3866    i.SerialTimeOut_    bms_serial.o
    0x08004ffc   0x0000020c   Code   RO         3867    i.SerialTimer       bms_serial.o
    0x08005208   0x00000008   Code   RO           17    i.SetSysClock       system_stm32f10x.o
    0x08005210   0x000000e0   Code   RO           18    i.SetSysClockTo72   system_stm32f10x.o
    0x080052f0   0x00000002   Code   RO         3787    i.SysTick_Handler   stm32f10x_it.o
    0x080052f2   0x00000002   PAD
    0x080052f4   0x00000060   Code   RO           20    i.SystemInit        system_stm32f10x.o
    0x08005354   0x0000004c   Code   RO         3466    i.TIM2_IRQHandler   timer.o
    0x080053a0   0x00000006   Code   RO         2416    i.TIM_ClearITPendingBit  stm32f10x_tim.o
    0x080053a6   0x00000018   Code   RO         2421    i.TIM_Cmd           stm32f10x_tim.o
    0x080053be   0x00000022   Code   RO         2442    i.TIM_GetITStatus   stm32f10x_tim.o
    0x080053e0   0x00000012   Code   RO         2446    i.TIM_ITConfig      stm32f10x_tim.o
    0x080053f2   0x0000000c   Code   RO         2448    i.TIM_InternalClockConfig  stm32f10x_tim.o
    0x080053fe   0x00000002   PAD
    0x08005400   0x000000e8   Code   RO         3467    i.TIM_Interrupt_Init  timer.o
    0x080054e8   0x000000a4   Code   RO         2492    i.TIM_TimeBaseInit  stm32f10x_tim.o
    0x0800558c   0x00000118   Code   RO         3868    i.UARTSendData      bms_serial.o
    0x080056a4   0x0000004c   Code   RO         3505    i.USART1_IRQHandler  usart.o
    0x080056f0   0x00000018   Code   RO         2960    i.USART_Cmd         stm32f10x_usart.o
    0x08005708   0x0000004a   Code   RO         2966    i.USART_ITConfig    stm32f10x_usart.o
    0x08005752   0x00000002   PAD
    0x08005754   0x000000d8   Code   RO         2967    i.USART_Init        stm32f10x_usart.o
    0x0800582c   0x00000088   Code   RO         3604    i.UartTxQueueUser   loadapp.o
    0x080058b4   0x00000004   Code   RO         3788    i.UsageFault_Handler  stm32f10x_it.o
    0x080058b8   0x00000004   Code   RO         3506    i._sys_exit         usart.o
    0x080058bc   0x00000060   Code   RO         3605    i.flashUpdateByModbus  loadapp.o
    0x0800591c   0x00000030   Code   RO         3732    i.led_task          main.o
    0x0800594c   0x000000b8   Code   RO         3733    i.main              main.o
    0x08005a04   0x000000a8   Code   RO         3508    i.uart_init         usart.o
    0x08005aac   0x000000c4   Code   RO         4026    x$fpl$fadd          fz_ws.l(faddsub_clz.o)
    0x08005b70   0x00000018   Code   RO         4081    x$fpl$fcmpinf       fz_ws.l(fcmpi.o)
    0x08005b88   0x00000184   Code   RO         4033    x$fpl$fdiv          fz_ws.l(fdiv.o)
    0x08005d0c   0x0000003e   Code   RO         4040    x$fpl$ffixu         fz_ws.l(ffixu.o)
    0x08005d4a   0x00000002   PAD
    0x08005d4c   0x00000030   Code   RO         4045    x$fpl$fflt          fz_ws.l(fflt_clz.o)
    0x08005d7c   0x00000026   Code   RO         4044    x$fpl$ffltu         fz_ws.l(fflt_clz.o)
    0x08005da2   0x00000002   PAD
    0x08005da4   0x00000068   Code   RO         4059    x$fpl$fleqf         fz_ws.l(fleqf.o)
    0x08005e0c   0x00000102   Code   RO         4050    x$fpl$fmul          fz_ws.l(fmul.o)
    0x08005f0e   0x0000008c   Code   RO         4061    x$fpl$fnaninf       fz_ws.l(fnaninf.o)
    0x08005f9a   0x0000000a   Code   RO         4063    x$fpl$fretinf       fz_ws.l(fretinf.o)
    0x08005fa4   0x00000062   Code   RO         4052    x$fpl$frleqf        fz_ws.l(frleqf.o)
    0x08006006   0x00000002   PAD
    0x08006008   0x000000ea   Code   RO         4028    x$fpl$fsub          fz_ws.l(faddsub_clz.o)
    0x080060f2   0x00000000   Code   RO         4065    x$fpl$usenofp       fz_ws.l(usenofp.o)
    0x080060f2   0x00000200   Data   RO         3607    .constdata          loadapp.o
    0x080062f2   0x00000002   PAD
    0x080062f4   0x00000020   Data   RO         4215    Region$$Table       anon$$obj.o


    Execution Region RW_IRAM1 (Base: 0x20000000, Size: 0x00001c38, Max: 0x00005000, ABSOLUTE)

    Base Addr    Size         Type   Attr      Idx    E Section Name        Object

    0x20000000   0x00000014   Data   RW         1805    .data               stm32f10x_rcc.o
    0x20000014   0x0000000c   Data   RW         3468    .data               timer.o
    0x20000020   0x00000014   Data   RW         3734    .data               main.o
    0x20000034   0x00000033   Data   RW         3870    .data               bms_serial.o
    0x20000067   0x00000001   PAD
    0x20000068   0x00000115   Zero   RW         3606    .bss                loadapp.o
    0x2000017d   0x00000003   PAD
    0x20000180   0x00001454   Zero   RW         3869    .bss                bms_serial.o
    0x200015d4   0x00000060   Zero   RW         4094    .bss                c_w.l(libspace.o)
    0x20001634   0x00000004   PAD
    0x20001638   0x00000200   Zero   RW          131    HEAP                startup_stm32f10x_hd.o
    0x20001838   0x00000400   Zero   RW          130    STACK               startup_stm32f10x_hd.o


==============================================================================

Image component sizes


      Code (inc. data)   RO Data    RW Data    ZI Data      Debug   Object Name

     10800        550          0         51       5204      35061   bms_serial.o
        84          0          0          0          0       1393   bspflash.o
         0          0          0          0          0       4536   core_cm3.o
         0          0          0          0          0      13872   delay.o
        28          8          0          0          0        332   jmp.o
       848         48        512          0        277      12074   loadapp.o
       232         34          0         20          0      20649   main.o
       132         22          0          0          0     204559   misc.o
        64         26        304          0       1536        760   startup_stm32f10x_hd.o
         0          0          0          0          0       1616   stm32f10x_adc.o
       210         26          0          0          0       8636   stm32f10x_flash.o
       282          0          0          0          0      10529   stm32f10x_gpio.o
        26          0          0          0          0       3450   stm32f10x_it.o
       276         32          0         20          0      12734   stm32f10x_rcc.o
       258         42          0          0          0      23788   stm32f10x_tim.o
       314          6          0          0          0       9302   stm32f10x_usart.o
       328         28          0          0          0      51201   system_stm32f10x.o
       308         26          0         12          0       1767   timer.o
       248         14          0          0          0       1492   usart.o

    ----------------------------------------------------------------------
     14456        862        850        104       7020     417751   Object Totals
         0          0         32          0          0          0   (incl. Generated)
        18          0          2          1          3          0   (incl. Padding)

    ----------------------------------------------------------------------

      Code (inc. data)   RO Data    RW Data    ZI Data      Debug   Library Member Name

         8          0          0          0          0         68   __main.o
         0          0          0          0          0          0   __rtentry.o
        12          0          0          0          0          0   __rtentry2.o
         6          0          0          0          0          0   __rtentry4.o
        52          8          0          0          0          0   __scatter.o
        26          0          0          0          0          0   __scatter_copy.o
        28          0          0          0          0          0   __scatter_zi.o
        12          0          0          0          0         72   exit.o
         6          0          0          0          0        152   heapauxi.o
         2          0          0          0          0          0   libinit.o
         2          0          0          0          0          0   libinit2.o
         2          0          0          0          0          0   libshutdown.o
         2          0          0          0          0          0   libshutdown2.o
         8          4          0          0         96         68   libspace.o
         2          0          0          0          0          0   rtexit.o
        10          0          0          0          0          0   rtexit2.o
        74          0          0          0          0         80   sys_stackheap_outer.o
         2          0          0          0          0         68   use_no_semi.o
         2          0          0          0          0         68   use_no_semi_2.o
       430          8          0          0          0        168   faddsub_clz.o
        24          0          0          0          0         68   fcmpi.o
       388         76          0          0          0         96   fdiv.o
        62          4          0          0          0         84   ffixu.o
        86          0          0          0          0        136   fflt_clz.o
       104          4          0          0          0         84   fleqf.o
       258          4          0          0          0         84   fmul.o
       140          4          0          0          0         84   fnaninf.o
        10          0          0          0          0         68   fretinf.o
        98          0          0          0          0         68   frleqf.o
         0          0          0          0          0          0   usenofp.o

    ----------------------------------------------------------------------
      1866        112          0          0        100       1516   Library Totals
        10          0          0          0          4          0   (incl. Padding)

    ----------------------------------------------------------------------

      Code (inc. data)   RO Data    RW Data    ZI Data      Debug   Library Name

       256         12          0          0         96        576   c_w.l
      1600        100          0          0          0        940   fz_ws.l

    ----------------------------------------------------------------------
      1866        112          0          0        100       1516   Library Totals

    ----------------------------------------------------------------------

==============================================================================


      Code (inc. data)   RO Data    RW Data    ZI Data      Debug   

     16322        974        850        104       7120     414791   Grand Totals
     16322        974        850        104       7120     414791   ELF Image Totals
     16322        974        850        104          0          0   ROM Totals

==============================================================================

    Total RO  Size (Code + RO Data)                17172 (  16.77kB)
    Total RW  Size (RW Data + ZI Data)              7224 (   7.05kB)
    Total ROM Size (Code + RO Data + RW Data)      17276 (  16.87kB)

==============================================================================

